bout_start: seed=2
build_step: build 1: tiles — 903 walkable parts
build_step: build 2: grid_lines — 1200 cell borders
build_step: build 3: empty_cells — 300 unfloored cells
build_step: build 4: extraction_cells — 0 cells
build_step: build 5: walls — 236 wall blockers
build_step: build 6: cover — 118 cover objects
build_step: build 7: field_items — 0 loose items
overlay_deactivated: overlay Player torn down
overlay_activated: overlay Empty active (was Player)
bout_start: seed=0
build_step: build 1: tiles — 0 walkable parts
build_step: build 2: grid_lines — 60 cell borders
build_step: build 3: empty_cells — 60 unfloored cells
build_step: build 4: extraction_cells — 0 cells
build_step: build 5: walls — 0 wall blockers
build_step: build 6: cover — 0 cover objects
build_step: build 7: field_items — 0 loose items
overlay_deactivated: overlay Empty torn down
overlay_activated: overlay Spectator active (was Empty)
bout_start: seed=2
build_step: build 1: tiles — 903 walkable parts
build_step: build 2: grid_lines — 1200 cell borders
build_step: build 3: empty_cells — 300 unfloored cells
build_step: build 4: extraction_cells — 0 cells
build_step: build 5: walls — 236 wall blockers
build_step: build 6: cover — 118 cover objects
build_step: build 7: field_items — 0 loose items
overlay_deactivated: overlay Player torn down
overlay_activated: overlay Empty active (was Player)
bout_start: seed=0
build_step: build 1: tiles — 0 walkable parts
build_step: build 2: grid_lines — 60 cell borders
build_step: build 3: empty_cells — 60 unfloored cells
build_step: build 4: extraction_cells — 0 cells
build_step: build 5: walls — 0 wall blockers
build_step: build 6: cover — 0 cover objects
build_step: build 7: field_items — 0 loose items
overlay_deactivated: overlay Empty torn down
overlay_activated: overlay Spectator active (was Empty)
bout_start: seed=2
build_step: build 1: tiles — 903 walkable parts
build_step: build 2: grid_lines — 1200 cell borders
build_step: build 3: empty_cells — 300 unfloored cells
build_step: build 4: extraction_cells — 0 cells
build_step: build 5: walls — 236 wall blockers
build_step: build 6: cover — 118 cover objects
build_step: build 7: field_items — 0 loose items
overlay_deactivated: overlay Player torn down
overlay_activated: overlay Empty active (was Player)
bout_start: seed=0
build_step: build 1: tiles — 0 walkable parts
build_step: build 2: grid_lines — 60 cell borders
build_step: build 3: empty_cells — 60 unfloored cells
build_step: build 4: extraction_cells — 0 cells
build_step: build 5: walls — 0 wall blockers
build_step: build 6: cover — 0 cover objects
build_step: build 7: field_items — 0 loose items
overlay_deactivated: overlay Empty torn down
overlay_activated: overlay Spectator active (was Empty)
ai_utility_decision: AI unit 0 [TRAINED/aggressive]: shoot@(0,0) over 14 candidates (margin 0.540)
ai_utility_decision: AI unit 0 [TRAINED/aggressive]: shoot@(0,0) over 13 candidates (margin 0.540)
ai_utility_decision: AI unit 0 [TRAINED/aggressive]: shoot@(0,0) over 13 candidates (margin 0.540)
ai_utility_decision: AI unit 0 [TRAINED/aggressive]: shoot@(0,0) over 13 candidates (margin 0.540)
ai_utility_decision: AI unit 0 [TRAINED/aggressive]: shoot@(0,0) over 13 candidates (margin 0.540)
ai_utility_decision: AI unit 0 [TRAINED/aggressive]: shoot@(0,0) over 13 candidates (margin 0.540)
ai_utility_decision: AI unit 0 [TRAINED/aggressive]: shoot@(0,0) over 13 candidates (margin 0.540)
ai_utility_decision: AI unit 0 [TRAINED/aggressive]: suppress@(0,0) over 12 candidates (margin 1.540)
ai_utility_decision: AI unit 0 [TRAINED/aggressive]: overwatch@(0,0) over 11 candidates (margin 0.020)
ai_utility_decision: AI unit 0 [TRAINED/aggressive]: nothing over 10 candidates (margin 0.000)
faced: faced 1.57 rad (free_with_action)
weapon_used: unit 0 fires rifle toward 90.0 deg (facing 90.0, 0.0 off) aim +0.00,+0.50 offset +0.00,+0.00
diagnostic: [warning] SurrogateLadder.demote: ambiguous demotion from FULL (2 branches lead here) — picking the first in ladder order as an unresolved, flagged placeholder (taskblock03 Pass A2, not a design decision) (variant_utility.cpp:1033 in push_warning)
impact: PENETRATE on enemy_torso [origin (0.00, 0.00)@1.25 -> hit (7.00, -0.02)@0.56]
part_destroyed: enemy_torso
part_mangled: enemy_torso
matrix_ejected: enemy_link from enemy_torso
surrogate_demoted: unit 1 FULL -> PERIPHERAL (matrix_ejected)
resolution_stopped: stopped (next_action_illegal) on AttackAction(unit=0, weapon=rifle, target=(8, 0))
bout_start: seed=2
build_step: build 1: tiles — 903 walkable parts
build_step: build 2: grid_lines — 1200 cell borders
build_step: build 3: empty_cells — 300 unfloored cells
build_step: build 4: extraction_cells — 0 cells
build_step: build 5: walls — 236 wall blockers
build_step: build 6: cover — 118 cover objects
build_step: build 7: field_items — 0 loose items
overlay_deactivated: overlay Player torn down
overlay_activated: overlay Empty active (was Player)
bout_start: seed=0
build_step: build 1: tiles — 0 walkable parts
build_step: build 2: grid_lines — 60 cell borders
build_step: build 3: empty_cells — 60 unfloored cells
build_step: build 4: extraction_cells — 0 cells
build_step: build 5: walls — 0 wall blockers
build_step: build 6: cover — 0 cover objects
build_step: build 7: field_items — 0 loose items
overlay_deactivated: overlay Empty torn down
overlay_activated: overlay Spectator active (was Empty)
ai_utility_decision: AI unit 0 [TRAINED/aggressive]: shoot@(0,0) over 14 candidates (margin 0.540)
ai_utility_decision: AI unit 0 [TRAINED/aggressive]: shoot@(0,0) over 13 candidates (margin 0.540)
ai_utility_decision: AI unit 0 [TRAINED/aggressive]: shoot@(0,0) over 13 candidates (margin 0.540)
ai_utility_decision: AI unit 0 [TRAINED/aggressive]: shoot@(0,0) over 13 candidates (margin 0.540)
ai_utility_decision: AI unit 0 [TRAINED/aggressive]: shoot@(0,0) over 13 candidates (margin 0.540)
ai_utility_decision: AI unit 0 [TRAINED/aggressive]: shoot@(0,0) over 13 candidates (margin 0.540)
ai_utility_decision: AI unit 0 [TRAINED/aggressive]: shoot@(0,0) over 13 candidates (margin 0.540)
ai_utility_decision: AI unit 0 [TRAINED/aggressive]: suppress@(0,0) over 12 candidates (margin 1.540)
ai_utility_decision: AI unit 0 [TRAINED/aggressive]: overwatch@(0,0) over 11 candidates (margin 0.020)
ai_utility_decision: AI unit 0 [TRAINED/aggressive]: nothing over 10 candidates (margin 0.000)
faced: faced 1.57 rad (free_with_action)
weapon_used: unit 0 fires rifle toward 90.0 deg (facing 90.0, 0.0 off) aim +0.00,+0.50 offset +0.00,+0.00
diagnostic: [warning] SurrogateLadder.demote: ambiguous demotion from FULL (2 branches lead here) — picking the first in ladder order as an unresolved, flagged placeholder (taskblock03 Pass A2, not a design decision) (variant_utility.cpp:1033 in push_warning)
impact: PENETRATE on enemy_torso [origin (0.00, 0.00)@1.25 -> hit (7.00, -0.02)@0.56]
part_destroyed: enemy_torso
part_mangled: enemy_torso
matrix_ejected: enemy_link from enemy_torso
surrogate_demoted: unit 1 FULL -> PERIPHERAL (matrix_ejected)
resolution_stopped: stopped (next_action_illegal) on AttackAction(unit=0, weapon=rifle, target=(8, 0))
bout_start: seed=2
build_step: build 1: tiles — 903 walkable parts
build_step: build 2: grid_lines — 1200 cell borders
build_step: build 3: empty_cells — 300 unfloored cells
build_step: build 4: extraction_cells — 0 cells
build_step: build 5: walls — 236 wall blockers
build_step: build 6: cover — 118 cover objects
build_step: build 7: field_items — 0 loose items
overlay_deactivated: overlay Player torn down
overlay_activated: overlay Empty active (was Player)
bout_start: seed=0
build_step: build 1: tiles — 0 walkable parts
build_step: build 2: grid_lines — 60 cell borders
build_step: build 3: empty_cells — 60 unfloored cells
build_step: build 4: extraction_cells — 0 cells
build_step: build 5: walls — 0 wall blockers
build_step: build 6: cover — 0 cover objects
build_step: build 7: field_items — 0 loose items
overlay_deactivated: overlay Empty torn down
overlay_activated: overlay Spectator active (was Empty)
bout_start: seed=2
build_step: build 1: tiles — 903 walkable parts
build_step: build 2: grid_lines — 1200 cell borders
build_step: build 3: empty_cells — 300 unfloored cells
build_step: build 4: extraction_cells — 0 cells
build_step: build 5: walls — 236 wall blockers
build_step: build 6: cover — 118 cover objects
build_step: build 7: field_items — 0 loose items
overlay_deactivated: overlay Player torn down
overlay_activated: overlay Empty active (was Player)
bout_start: seed=0
build_step: build 1: tiles — 0 walkable parts
build_step: build 2: grid_lines — 60 cell borders
build_step: build 3: empty_cells — 60 unfloored cells
build_step: build 4: extraction_cells — 0 cells
build_step: build 5: walls — 0 wall blockers
build_step: build 6: cover — 0 cover objects
build_step: build 7: field_items — 0 loose items
overlay_deactivated: overlay Empty torn down
overlay_activated: overlay Spectator active (was Empty)
ai_utility_decision: AI unit 0 [TRAINED/aggressive]: shoot@(0,0) over 14 candidates (margin 0.540)
ai_utility_decision: AI unit 0 [TRAINED/aggressive]: shoot@(0,0) over 13 candidates (margin 0.540)
ai_utility_decision: AI unit 0 [TRAINED/aggressive]: shoot@(0,0) over 13 candidates (margin 0.540)
ai_utility_decision: AI unit 0 [TRAINED/aggressive]: shoot@(0,0) over 13 candidates (margin 0.540)
ai_utility_decision: AI unit 0 [TRAINED/aggressive]: shoot@(0,0) over 13 candidates (margin 0.540)
ai_utility_decision: AI unit 0 [TRAINED/aggressive]: shoot@(0,0) over 13 candidates (margin 0.540)
ai_utility_decision: AI unit 0 [TRAINED/aggressive]: shoot@(0,0) over 13 candidates (margin 0.540)
ai_utility_decision: AI unit 0 [TRAINED/aggressive]: suppress@(0,0) over 12 candidates (margin 1.540)
ai_utility_decision: AI unit 0 [TRAINED/aggressive]: overwatch@(0,0) over 11 candidates (margin 0.020)
ai_utility_decision: AI unit 0 [TRAINED/aggressive]: nothing over 10 candidates (margin 0.000)
faced: faced 1.57 rad (free_with_action)
weapon_used: unit 0 fires rifle toward 90.0 deg (facing 90.0, 0.0 off) aim +0.00,+0.50 offset +0.00,+0.00
diagnostic: [warning] SurrogateLadder.demote: ambiguous demotion from FULL (2 branches lead here) — picking the first in ladder order as an unresolved, flagged placeholder (taskblock03 Pass A2, not a design decision) (variant_utility.cpp:1033 in push_warning)
impact: PENETRATE on enemy_torso [origin (0.00, 0.00)@1.25 -> hit (7.00, -0.02)@0.56]
part_destroyed: enemy_torso
part_mangled: enemy_torso
matrix_ejected: enemy_link from enemy_torso
surrogate_demoted: unit 1 FULL -> PERIPHERAL (matrix_ejected)
resolution_stopped: stopped (next_action_illegal) on AttackAction(unit=0, weapon=rifle, target=(8, 0))
ai_utility_decision: AI unit 0 [TRAINED/aggressive]: nothing over 14 candidates (margin 0.000)
panic: unit 0 panics: nothing_offered (0 option(s) offered)
turn_end: ended turn
turn_start: Turn 1 — unit 0
fps_dump: Turn FPS (at turn start): 14.0
ai_utility_decision: AI unit 0 [TRAINED/aggressive]: nothing over 14 candidates (margin 0.000)
panic: unit 0 panics: nothing_offered (0 option(s) offered)
turn_end: ended turn
extract: unit 0 extracted
bout_start: seed=2
build_step: build 1: tiles — 903 walkable parts
build_step: build 2: grid_lines — 1200 cell borders
build_step: build 3: empty_cells — 300 unfloored cells
build_step: build 4: extraction_cells — 0 cells
build_step: build 5: walls — 236 wall blockers
build_step: build 6: cover — 118 cover objects
build_step: build 7: field_items — 0 loose items
overlay_deactivated: overlay Player torn down
overlay_activated: overlay Empty active (was Player)
bout_start: seed=0
build_step: build 1: tiles — 0 walkable parts
build_step: build 2: grid_lines — 60 cell borders
build_step: build 3: empty_cells — 60 unfloored cells
build_step: build 4: extraction_cells — 0 cells
build_step: build 5: walls — 0 wall blockers
build_step: build 6: cover — 0 cover objects
build_step: build 7: field_items — 0 loose items
overlay_deactivated: overlay Empty torn down
overlay_activated: overlay Spectator active (was Empty)
ai_utility_decision: AI unit 0 [TRAINED/aggressive]: shoot@(0,0) over 14 candidates (margin 0.540)
ai_utility_decision: AI unit 0 [TRAINED/aggressive]: shoot@(0,0) over 13 candidates (margin 0.540)
ai_utility_decision: AI unit 0 [TRAINED/aggressive]: shoot@(0,0) over 13 candidates (margin 0.540)
ai_utility_decision: AI unit 0 [TRAINED/aggressive]: shoot@(0,0) over 13 candidates (margin 0.540)
ai_utility_decision: AI unit 0 [TRAINED/aggressive]: shoot@(0,0) over 13 candidates (margin 0.540)
ai_utility_decision: AI unit 0 [TRAINED/aggressive]: shoot@(0,0) over 13 candidates (margin 0.540)
ai_utility_decision: AI unit 0 [TRAINED/aggressive]: shoot@(0,0) over 13 candidates (margin 0.540)
ai_utility_decision: AI unit 0 [TRAINED/aggressive]: suppress@(0,0) over 12 candidates (margin 1.540)
ai_utility_decision: AI unit 0 [TRAINED/aggressive]: overwatch@(0,0) over 11 candidates (margin 0.020)
ai_utility_decision: AI unit 0 [TRAINED/aggressive]: nothing over 10 candidates (margin 0.000)
faced: faced 1.57 rad (free_with_action)
weapon_used: unit 0 fires rifle toward 90.0 deg (facing 90.0, 0.0 off) aim +0.00,+0.50 offset +0.00,+0.00
diagnostic: [warning] SurrogateLadder.demote: ambiguous demotion from FULL (2 branches lead here) — picking the first in ladder order as an unresolved, flagged placeholder (taskblock03 Pass A2, not a design decision) (variant_utility.cpp:1033 in push_warning)
impact: PENETRATE on enemy_torso [origin (0.00, 0.00)@1.25 -> hit (7.00, -0.02)@0.56]
part_destroyed: enemy_torso
part_mangled: enemy_torso
matrix_ejected: enemy_link from enemy_torso
surrogate_demoted: unit 1 FULL -> PERIPHERAL (matrix_ejected)
resolution_stopped: stopped (next_action_illegal) on AttackAction(unit=0, weapon=rifle, target=(8, 0))
ai_utility_decision: AI unit 0 [TRAINED/aggressive]: nothing over 14 candidates (margin 0.000)
panic: unit 0 panics: nothing_offered (0 option(s) offered)
turn_end: ended turn
turn_start: Turn 1 — unit 0
fps_dump: Turn FPS (at turn start): 145.0
fps_dump: Turn FPS (2000ms after turn start): 145.0
ai_utility_decision: AI unit 0 [TRAINED/aggressive]: nothing over 14 candidates (margin 0.000)
panic: unit 0 panics: nothing_offered (0 option(s) offered)
turn_end: ended turn
extract: unit 0 extracted
bout_start: seed=2
build_step: build 1: tiles — 903 walkable parts
build_step: build 2: grid_lines — 1200 cell borders
build_step: build 3: empty_cells — 300 unfloored cells
build_step: build 4: extraction_cells — 0 cells
build_step: build 5: walls — 236 wall blockers
build_step: build 6: cover — 118 cover objects
build_step: build 7: field_items — 0 loose items
overlay_deactivated: overlay Player torn down
overlay_activated: overlay Empty active (was Player)
bout_start: seed=0
build_step: build 1: tiles — 0 walkable parts
build_step: build 2: grid_lines — 60 cell borders
build_step: build 3: empty_cells — 60 unfloored cells
build_step: build 4: extraction_cells — 0 cells
build_step: build 5: walls — 0 wall blockers
build_step: build 6: cover — 0 cover objects
build_step: build 7: field_items — 0 loose items
overlay_deactivated: overlay Empty torn down
overlay_activated: overlay Spectator active (was Empty)
bout_start: seed=2
build_step: build 1: tiles — 903 walkable parts
build_step: build 2: grid_lines — 1200 cell borders
build_step: build 3: empty_cells — 300 unfloored cells
build_step: build 4: extraction_cells — 0 cells
build_step: build 5: walls — 236 wall blockers
build_step: build 6: cover — 118 cover objects
build_step: build 7: field_items — 0 loose items
overlay_deactivated: overlay Player torn down
overlay_activated: overlay Empty active (was Player)
bout_start: seed=0
build_step: build 1: tiles — 0 walkable parts
build_step: build 2: grid_lines — 60 cell borders
build_step: build 3: empty_cells — 60 unfloored cells
build_step: build 4: extraction_cells — 0 cells
build_step: build 5: walls — 0 wall blockers
build_step: build 6: cover — 0 cover objects
build_step: build 7: field_items — 0 loose items
overlay_deactivated: overlay Empty torn down
overlay_activated: overlay Spectator active (was Empty)
bout_start: seed=2
build_step: build 1: tiles — 903 walkable parts
build_step: build 2: grid_lines — 1200 cell borders
build_step: build 3: empty_cells — 300 unfloored cells
build_step: build 4: extraction_cells — 0 cells
build_step: build 5: walls — 236 wall blockers
build_step: build 6: cover — 118 cover objects
build_step: build 7: field_items — 0 loose items
overlay_deactivated: overlay Player torn down
overlay_activated: overlay Empty active (was Player)
bout_start: seed=0
build_step: build 1: tiles — 0 walkable parts
build_step: build 2: grid_lines — 60 cell borders
build_step: build 3: empty_cells — 60 unfloored cells
build_step: build 4: extraction_cells — 0 cells
build_step: build 5: walls — 0 wall blockers
build_step: build 6: cover — 0 cover objects
build_step: build 7: field_items — 0 loose items
overlay_deactivated: overlay Empty torn down
overlay_activated: overlay Spectator active (was Empty)
bout_start: seed=2
build_step: build 1: tiles — 903 walkable parts
build_step: build 2: grid_lines — 1200 cell borders
build_step: build 3: empty_cells — 300 unfloored cells
build_step: build 4: extraction_cells — 0 cells
build_step: build 5: walls — 236 wall blockers
build_step: build 6: cover — 118 cover objects
build_step: build 7: field_items — 0 loose items
overlay_deactivated: overlay Player torn down
overlay_activated: overlay Empty active (was Player)
bout_start: seed=0
build_step: build 1: tiles — 0 walkable parts
build_step: build 2: grid_lines — 60 cell borders
build_step: build 3: empty_cells — 60 unfloored cells
build_step: build 4: extraction_cells — 0 cells
build_step: build 5: walls — 0 wall blockers
build_step: build 6: cover — 0 cover objects
build_step: build 7: field_items — 0 loose items
overlay_deactivated: overlay Empty torn down
overlay_activated: overlay Spectator active (was Empty)
ai_utility_decision: AI unit 0 [TRAINED/aggressive]: shoot@(0,0) over 14 candidates (margin 0.540)
ai_utility_decision: AI unit 0 [TRAINED/aggressive]: shoot@(0,0) over 13 candidates (margin 0.540)
ai_utility_decision: AI unit 0 [TRAINED/aggressive]: shoot@(0,0) over 13 candidates (margin 0.540)
ai_utility_decision: AI unit 0 [TRAINED/aggressive]: shoot@(0,0) over 13 candidates (margin 0.540)
ai_utility_decision: AI unit 0 [TRAINED/aggressive]: shoot@(0,0) over 13 candidates (margin 0.540)
ai_utility_decision: AI unit 0 [TRAINED/aggressive]: shoot@(0,0) over 13 candidates (margin 0.540)
ai_utility_decision: AI unit 0 [TRAINED/aggressive]: shoot@(0,0) over 13 candidates (margin 0.540)
ai_utility_decision: AI unit 0 [TRAINED/aggressive]: suppress@(0,0) over 12 candidates (margin 1.540)
ai_utility_decision: AI unit 0 [TRAINED/aggressive]: overwatch@(0,0) over 11 candidates (margin 0.020)
ai_utility_decision: AI unit 0 [TRAINED/aggressive]: nothing over 10 candidates (margin 0.000)
faced: faced 1.57 rad (free_with_action)
weapon_used: unit 0 fires rifle toward 90.0 deg (facing 90.0, 0.0 off) aim +0.00,+0.50 offset +0.00,+0.00
diagnostic: [warning] SurrogateLadder.demote: ambiguous demotion from FULL (2 branches lead here) — picking the first in ladder order as an unresolved, flagged placeholder (taskblock03 Pass A2, not a design decision) (variant_utility.cpp:1033 in push_warning)
impact: PENETRATE on enemy_torso [origin (0.00, 0.00)@1.25 -> hit (7.00, -0.02)@0.56]
part_destroyed: enemy_torso
part_mangled: enemy_torso
matrix_ejected: enemy_link from enemy_torso
surrogate_demoted: unit 1 FULL -> PERIPHERAL (matrix_ejected)
resolution_stopped: stopped (next_action_illegal) on AttackAction(unit=0, weapon=rifle, target=(8, 0))
bout_start: seed=2
build_step: build 1: tiles — 903 walkable parts
build_step: build 2: grid_lines — 1200 cell borders
build_step: build 3: empty_cells — 300 unfloored cells
build_step: build 4: extraction_cells — 0 cells
build_step: build 5: walls — 236 wall blockers
build_step: build 6: cover — 118 cover objects
build_step: build 7: field_items — 0 loose items
overlay_deactivated: overlay Player torn down
overlay_activated: overlay Empty active (was Player)
bout_start: seed=0
build_step: build 1: tiles — 0 walkable parts
build_step: build 2: grid_lines — 60 cell borders
build_step: build 3: empty_cells — 60 unfloored cells
build_step: build 4: extraction_cells — 0 cells
build_step: build 5: walls — 0 wall blockers
build_step: build 6: cover — 1 cover objects
build_step: build 7: field_items — 0 loose items
overlay_deactivated: overlay Empty torn down
overlay_activated: overlay Spectator active (was Empty)
bout_start: seed=2
build_step: build 1: tiles — 903 walkable parts
build_step: build 2: grid_lines — 1200 cell borders
build_step: build 3: empty_cells — 300 unfloored cells
build_step: build 4: extraction_cells — 0 cells
build_step: build 5: walls — 236 wall blockers
build_step: build 6: cover — 118 cover objects
build_step: build 7: field_items — 0 loose items
overlay_deactivated: overlay Player torn down
overlay_activated: overlay Empty active (was Player)
bout_start: seed=0
build_step: build 1: tiles — 0 walkable parts
build_step: build 2: grid_lines — 60 cell borders
build_step: build 3: empty_cells — 60 unfloored cells
build_step: build 4: extraction_cells — 0 cells
build_step: build 5: walls — 0 wall blockers
build_step: build 6: cover — 0 cover objects
build_step: build 7: field_items — 0 loose items
overlay_deactivated: overlay Empty torn down
overlay_activated: overlay Spectator active (was Empty)
bout_start: seed=2
build_step: build 1: tiles — 903 walkable parts
build_step: build 2: grid_lines — 1200 cell borders
build_step: build 3: empty_cells — 300 unfloored cells
build_step: build 4: extraction_cells — 0 cells
build_step: build 5: walls — 236 wall blockers
build_step: build 6: cover — 118 cover objects
build_step: build 7: field_items — 0 loose items
overlay_deactivated: overlay Player torn down
overlay_activated: overlay Empty active (was Player)
bout_start: seed=0
build_step: build 1: tiles — 0 walkable parts
build_step: build 2: grid_lines — 60 cell borders
build_step: build 3: empty_cells — 60 unfloored cells
build_step: build 4: extraction_cells — 0 cells
build_step: build 5: walls — 0 wall blockers
build_step: build 6: cover — 0 cover objects
build_step: build 7: field_items — 0 loose items
overlay_deactivated: overlay Empty torn down
overlay_activated: overlay Spectator active (was Empty)
bout_start: seed=2
build_step: build 1: tiles — 903 walkable parts
build_step: build 2: grid_lines — 1200 cell borders
build_step: build 3: empty_cells — 300 unfloored cells
build_step: build 4: extraction_cells — 0 cells
build_step: build 5: walls — 236 wall blockers
build_step: build 6: cover — 118 cover objects
build_step: build 7: field_items — 0 loose items
overlay_deactivated: overlay Player torn down
overlay_activated: overlay Empty active (was Player)
bout_start: seed=0
build_step: build 1: tiles — 0 walkable parts
build_step: build 2: grid_lines — 60 cell borders
build_step: build 3: empty_cells — 60 unfloored cells
build_step: build 4: extraction_cells — 0 cells
build_step: build 5: walls — 0 wall blockers
build_step: build 6: cover — 0 cover objects
build_step: build 7: field_items — 0 loose items
overlay_deactivated: overlay Empty torn down
overlay_activated: overlay Spectator active (was Empty)
bout_start: seed=2
build_step: build 1: tiles — 903 walkable parts
build_step: build 2: grid_lines — 1200 cell borders
build_step: build 3: empty_cells — 300 unfloored cells
build_step: build 4: extraction_cells — 0 cells
build_step: build 5: walls — 236 wall blockers
build_step: build 6: cover — 118 cover objects
build_step: build 7: field_items — 0 loose items
overlay_deactivated: overlay Player torn down
overlay_activated: overlay Empty active (was Player)
bout_start: seed=0
build_step: build 1: tiles — 0 walkable parts
build_step: build 2: grid_lines — 60 cell borders
build_step: build 3: empty_cells — 60 unfloored cells
build_step: build 4: extraction_cells — 0 cells
build_step: build 5: walls — 0 wall blockers
build_step: build 6: cover — 0 cover objects
build_step: build 7: field_items — 0 loose items
overlay_deactivated: overlay Empty torn down
overlay_activated: overlay Spectator active (was Empty)
bout_start: seed=2
build_step: build 1: tiles — 903 walkable parts
build_step: build 2: grid_lines — 1200 cell borders
build_step: build 3: empty_cells — 300 unfloored cells
build_step: build 4: extraction_cells — 0 cells
build_step: build 5: walls — 236 wall blockers
build_step: build 6: cover — 118 cover objects
build_step: build 7: field_items — 0 loose items
overlay_deactivated: overlay Player torn down
overlay_activated: overlay Empty active (was Player)
bout_start: seed=0
build_step: build 1: tiles — 0 walkable parts
build_step: build 2: grid_lines — 60 cell borders
build_step: build 3: empty_cells — 60 unfloored cells
build_step: build 4: extraction_cells — 0 cells
build_step: build 5: walls — 0 wall blockers
build_step: build 6: cover — 0 cover objects
build_step: build 7: field_items — 0 loose items
overlay_deactivated: overlay Empty torn down
overlay_activated: overlay Spectator active (was Empty)
ai_utility_decision: AI unit 0 [TRAINED/aggressive]: shoot@(0,0) over 14 candidates (margin 0.540)
ai_utility_decision: AI unit 0 [TRAINED/aggressive]: shoot@(0,0) over 13 candidates (margin 0.540)
ai_utility_decision: AI unit 0 [TRAINED/aggressive]: shoot@(0,0) over 13 candidates (margin 0.540)
ai_utility_decision: AI unit 0 [TRAINED/aggressive]: shoot@(0,0) over 13 candidates (margin 0.540)
ai_utility_decision: AI unit 0 [TRAINED/aggressive]: shoot@(0,0) over 13 candidates (margin 0.540)
ai_utility_decision: AI unit 0 [TRAINED/aggressive]: shoot@(0,0) over 13 candidates (margin 0.540)
ai_utility_decision: AI unit 0 [TRAINED/aggressive]: shoot@(0,0) over 13 candidates (margin 0.540)
ai_utility_decision: AI unit 0 [TRAINED/aggressive]: suppress@(0,0) over 12 candidates (margin 1.540)
ai_utility_decision: AI unit 0 [TRAINED/aggressive]: overwatch@(0,0) over 11 candidates (margin 0.020)
ai_utility_decision: AI unit 0 [TRAINED/aggressive]: nothing over 10 candidates (margin 0.000)
faced: faced 1.57 rad (free_with_action)
weapon_used: unit 0 fires rifle toward 90.0 deg (facing 90.0, 0.0 off) aim +0.00,+0.50 offset +0.00,+0.00
diagnostic: [warning] SurrogateLadder.demote: ambiguous demotion from FULL (2 branches lead here) — picking the first in ladder order as an unresolved, flagged placeholder (taskblock03 Pass A2, not a design decision) (variant_utility.cpp:1033 in push_warning)
impact: PENETRATE on enemy_torso [origin (0.00, 0.00)@1.25 -> hit (7.00, -0.02)@0.56]
part_destroyed: enemy_torso
part_mangled: enemy_torso
matrix_ejected: enemy_link from enemy_torso
surrogate_demoted: unit 1 FULL -> PERIPHERAL (matrix_ejected)
resolution_stopped: stopped (next_action_illegal) on AttackAction(unit=0, weapon=rifle, target=(8, 0))
ai_utility_decision: AI unit 0 [TRAINED/aggressive]: nothing over 14 candidates (margin 0.000)
panic: unit 0 panics: nothing_offered (0 option(s) offered)
turn_end: ended turn
turn_start: Turn 1 — unit 0
fps_dump: Turn FPS (at turn start): 144.0
fps_dump: Turn FPS (2000ms after turn start): 145.0
ai_utility_decision: AI unit 0 [TRAINED/aggressive]: nothing over 14 candidates (margin 0.000)
panic: unit 0 panics: nothing_offered (0 option(s) offered)
turn_end: ended turn
extract: unit 0 extracted
bout_start: seed=2
build_step: build 1: tiles — 903 walkable parts
build_step: build 2: grid_lines — 1200 cell borders
build_step: build 3: empty_cells — 300 unfloored cells
build_step: build 4: extraction_cells — 0 cells
build_step: build 5: walls — 236 wall blockers
build_step: build 6: cover — 118 cover objects
build_step: build 7: field_items — 0 loose items
overlay_deactivated: overlay Player torn down
overlay_activated: overlay Empty active (was Player)
bout_start: seed=0
build_step: build 1: tiles — 0 walkable parts
build_step: build 2: grid_lines — 60 cell borders
build_step: build 3: empty_cells — 60 unfloored cells
build_step: build 4: extraction_cells — 0 cells
build_step: build 5: walls — 0 wall blockers
build_step: build 6: cover — 0 cover objects
build_step: build 7: field_items — 0 loose items
overlay_deactivated: overlay Empty torn down
overlay_activated: overlay Spectator active (was Empty)
ai_utility_decision: AI unit 0 [TRAINED/aggressive]: shoot@(0,0) over 14 candidates (margin 0.540)
ai_utility_decision: AI unit 0 [TRAINED/aggressive]: shoot@(0,0) over 13 candidates (margin 0.540)
ai_utility_decision: AI unit 0 [TRAINED/aggressive]: shoot@(0,0) over 13 candidates (margin 0.540)
ai_utility_decision: AI unit 0 [TRAINED/aggressive]: shoot@(0,0) over 13 candidates (margin 0.540)
ai_utility_decision: AI unit 0 [TRAINED/aggressive]: shoot@(0,0) over 13 candidates (margin 0.540)
ai_utility_decision: AI unit 0 [TRAINED/aggressive]: shoot@(0,0) over 13 candidates (margin 0.540)
ai_utility_decision: AI unit 0 [TRAINED/aggressive]: shoot@(0,0) over 13 candidates (margin 0.540)
ai_utility_decision: AI unit 0 [TRAINED/aggressive]: suppress@(0,0) over 12 candidates (margin 1.540)
ai_utility_decision: AI unit 0 [TRAINED/aggressive]: overwatch@(0,0) over 11 candidates (margin 0.020)
ai_utility_decision: AI unit 0 [TRAINED/aggressive]: nothing over 10 candidates (margin 0.000)
faced: faced 1.57 rad (free_with_action)
weapon_used: unit 0 fires rifle toward 90.0 deg (facing 90.0, 0.0 off) aim +0.00,+0.50 offset +0.00,+0.00
diagnostic: [warning] SurrogateLadder.demote: ambiguous demotion from FULL (2 branches lead here) — picking the first in ladder order as an unresolved, flagged placeholder (taskblock03 Pass A2, not a design decision) (variant_utility.cpp:1033 in push_warning)
impact: PENETRATE on enemy_torso [origin (0.00, 0.00)@1.25 -> hit (7.00, -0.02)@0.58]
part_destroyed: enemy_torso
part_mangled: enemy_torso
matrix_ejected: enemy_link from enemy_torso
surrogate_demoted: unit 1 FULL -> PERIPHERAL (matrix_ejected)
resolution_stopped: stopped (next_action_illegal) on AttackAction(unit=0, weapon=rifle, target=(8, 0))
ai_utility_decision: AI unit 0 [TRAINED/aggressive]: nothing over 14 candidates (margin 0.000)
panic: unit 0 panics: nothing_offered (0 option(s) offered)
turn_end: ended turn
turn_start: Turn 1 — unit 0
fps_dump: Turn FPS (at turn start): 145.0
fps_dump: Turn FPS (2000ms after turn start): 145.0
ai_utility_decision: AI unit 0 [TRAINED/aggressive]: nothing over 14 candidates (margin 0.000)
panic: unit 0 panics: nothing_offered (0 option(s) offered)
turn_end: ended turn
extract: unit 0 extracted
bout_start: seed=2
build_step: build 1: tiles — 903 walkable parts
build_step: build 2: grid_lines — 1200 cell borders
build_step: build 3: empty_cells — 300 unfloored cells
build_step: build 4: extraction_cells — 0 cells
build_step: build 5: walls — 236 wall blockers
build_step: build 6: cover — 118 cover objects
build_step: build 7: field_items — 0 loose items
overlay_deactivated: overlay Player torn down
overlay_activated: overlay Empty active (was Player)
bout_start: seed=0
build_step: build 1: tiles — 0 walkable parts
build_step: build 2: grid_lines — 60 cell borders
build_step: build 3: empty_cells — 60 unfloored cells
build_step: build 4: extraction_cells — 0 cells
build_step: build 5: walls — 0 wall blockers
build_step: build 6: cover — 0 cover objects
build_step: build 7: field_items — 0 loose items
overlay_deactivated: overlay Empty torn down
overlay_activated: overlay Spectator active (was Empty)
bout_start: seed=2
build_step: build 1: tiles — 903 walkable parts
build_step: build 2: grid_lines — 1200 cell borders
build_step: build 3: empty_cells — 300 unfloored cells
build_step: build 4: extraction_cells — 0 cells
build_step: build 5: walls — 236 wall blockers
build_step: build 6: cover — 118 cover objects
build_step: build 7: field_items — 0 loose items
overlay_deactivated: overlay Player torn down
overlay_activated: overlay Empty active (was Player)
bout_start: seed=0
build_step: build 1: tiles — 0 walkable parts
build_step: build 2: grid_lines — 60 cell borders
build_step: build 3: empty_cells — 60 unfloored cells
build_step: build 4: extraction_cells — 0 cells
build_step: build 5: walls — 0 wall blockers
build_step: build 6: cover — 0 cover objects
build_step: build 7: field_items — 0 loose items
overlay_deactivated: overlay Empty torn down
overlay_activated: overlay Spectator active (was Empty)
bout_start: seed=2
build_step: build 1: tiles — 903 walkable parts
build_step: build 2: grid_lines — 1200 cell borders
build_step: build 3: empty_cells — 300 unfloored cells
build_step: build 4: extraction_cells — 0 cells
build_step: build 5: walls — 236 wall blockers
build_step: build 6: cover — 118 cover objects
build_step: build 7: field_items — 0 loose items
overlay_deactivated: overlay Player torn down
overlay_activated: overlay Empty active (was Player)
bout_start: seed=0
build_step: build 1: tiles — 0 walkable parts
build_step: build 2: grid_lines — 60 cell borders
build_step: build 3: empty_cells — 60 unfloored cells
build_step: build 4: extraction_cells — 0 cells
build_step: build 5: walls — 0 wall blockers
build_step: build 6: cover — 0 cover objects
build_step: build 7: field_items — 0 loose items
overlay_deactivated: overlay Empty torn down
overlay_activated: overlay Spectator active (was Empty)
bout_start: seed=2
build_step: build 1: tiles — 903 walkable parts
build_step: build 2: grid_lines — 1200 cell borders
build_step: build 3: empty_cells — 300 unfloored cells
build_step: build 4: extraction_cells — 0 cells
build_step: build 5: walls — 236 wall blockers
build_step: build 6: cover — 118 cover objects
build_step: build 7: field_items — 0 loose items
overlay_deactivated: overlay Player torn down
overlay_activated: overlay Empty active (was Player)
bout_start: seed=0
build_step: build 1: tiles — 0 walkable parts
build_step: build 2: grid_lines — 60 cell borders
build_step: build 3: empty_cells — 60 unfloored cells
build_step: build 4: extraction_cells — 0 cells
build_step: build 5: walls — 0 wall blockers
build_step: build 6: cover — 0 cover objects
build_step: build 7: field_items — 0 loose items
overlay_deactivated: overlay Empty torn down
overlay_activated: overlay Spectator active (was Empty)
bout_start: seed=2
build_step: build 1: tiles — 903 walkable parts
build_step: build 2: grid_lines — 1200 cell borders
build_step: build 3: empty_cells — 300 unfloored cells
build_step: build 4: extraction_cells — 0 cells
build_step: build 5: walls — 236 wall blockers
build_step: build 6: cover — 118 cover objects
build_step: build 7: field_items — 0 loose items
overlay_deactivated: overlay Player torn down
overlay_activated: overlay Empty active (was Player)
bout_start: seed=0
build_step: build 1: tiles — 0 walkable parts
build_step: build 2: grid_lines — 60 cell borders
build_step: build 3: empty_cells — 60 unfloored cells
build_step: build 4: extraction_cells — 0 cells
build_step: build 5: walls — 0 wall blockers
build_step: build 6: cover — 0 cover objects
build_step: build 7: field_items — 0 loose items
overlay_deactivated: overlay Empty torn down
overlay_activated: overlay Spectator active (was Empty)
command: queued: force_current_unit(unit=1)
inject: unit 1 forced current
command_outcome: accepted: force_current_unit
bout_start: seed=2
build_step: build 1: tiles — 903 walkable parts
build_step: build 2: grid_lines — 1200 cell borders
build_step: build 3: empty_cells — 300 unfloored cells
build_step: build 4: extraction_cells — 0 cells
build_step: build 5: walls — 236 wall blockers
build_step: build 6: cover — 118 cover objects
build_step: build 7: field_items — 0 loose items
overlay_deactivated: overlay Player torn down
overlay_activated: overlay Empty active (was Player)
bout_start: seed=0
build_step: build 1: tiles — 0 walkable parts
build_step: build 2: grid_lines — 60 cell borders
build_step: build 3: empty_cells — 60 unfloored cells
build_step: build 4: extraction_cells — 0 cells
build_step: build 5: walls — 0 wall blockers
build_step: build 6: cover — 0 cover objects
build_step: build 7: field_items — 0 loose items
overlay_deactivated: overlay Empty torn down
overlay_activated: overlay Spectator active (was Empty)
command: queued: set_part_hp(hp=0, part=enemy_torso, target=unit 1)
inject: unit 1: enemy_torso hp -> 0 (failed)
command_outcome: accepted: set_part_hp
build_step: build 1: tiles — 0 walkable parts
build_step: build 2: grid_lines — 60 cell borders
build_step: build 3: empty_cells — 60 unfloored cells
build_step: build 4: extraction_cells — 0 cells
build_step: build 5: walls — 0 wall blockers
build_step: build 6: cover — 0 cover objects
build_step: build 7: field_items — 0 loose items
bout_start: seed=2
build_step: build 1: tiles — 903 walkable parts
build_step: build 2: grid_lines — 1200 cell borders
build_step: build 3: empty_cells — 300 unfloored cells
build_step: build 4: extraction_cells — 0 cells
build_step: build 5: walls — 236 wall blockers
build_step: build 6: cover — 118 cover objects
build_step: build 7: field_items — 0 loose items
overlay_deactivated: overlay Player torn down
overlay_activated: overlay Empty active (was Player)
bout_start: seed=0
build_step: build 1: tiles — 0 walkable parts
build_step: build 2: grid_lines — 60 cell borders
build_step: build 3: empty_cells — 60 unfloored cells
build_step: build 4: extraction_cells — 0 cells
build_step: build 5: walls — 0 wall blockers
build_step: build 6: cover — 0 cover objects
build_step: build 7: field_items — 0 loose items
overlay_deactivated: overlay Empty torn down
overlay_activated: overlay Spectator active (was Empty)
command: queued: force_overwatch_arm(unit=0, weapon=rifle)
inject: unit 0 arms overwatch with rifle
command_outcome: accepted: force_overwatch_arm
bout_start: seed=2
build_step: build 1: tiles — 903 walkable parts
build_step: build 2: grid_lines — 1200 cell borders
build_step: build 3: empty_cells — 300 unfloored cells
build_step: build 4: extraction_cells — 0 cells
build_step: build 5: walls — 236 wall blockers
build_step: build 6: cover — 118 cover objects
build_step: build 7: field_items — 0 loose items
overlay_deactivated: overlay Player torn down
overlay_activated: overlay Empty active (was Player)
bout_start: seed=0
build_step: build 1: tiles — 0 walkable parts
build_step: build 2: grid_lines — 60 cell borders
build_step: build 3: empty_cells — 60 unfloored cells
build_step: build 4: extraction_cells — 0 cells
build_step: build 5: walls — 0 wall blockers
build_step: build 6: cover — 0 cover objects
build_step: build 7: field_items — 0 loose items
overlay_deactivated: overlay Empty torn down
overlay_activated: overlay Spectator active (was Empty)
unit_assembled: unit 2 assembled for squad 0 at (3, 3) from 1 parts: 
bout_start: seed=2
build_step: build 1: tiles — 903 walkable parts
build_step: build 2: grid_lines — 1200 cell borders
build_step: build 3: empty_cells — 300 unfloored cells
build_step: build 4: extraction_cells — 0 cells
build_step: build 5: walls — 236 wall blockers
build_step: build 6: cover — 118 cover objects
build_step: build 7: field_items — 0 loose items
overlay_deactivated: overlay Player torn down
overlay_activated: overlay Empty active (was Player)
bout_start: seed=0
build_step: build 1: tiles — 0 walkable parts
build_step: build 2: grid_lines — 60 cell borders
build_step: build 3: empty_cells — 60 unfloored cells
build_step: build 4: extraction_cells — 0 cells
build_step: build 5: walls — 0 wall blockers
build_step: build 6: cover — 0 cover objects
build_step: build 7: field_items — 0 loose items
overlay_deactivated: overlay Empty torn down
overlay_activated: overlay Spectator active (was Empty)
command: queued: spawn_object(as_cover=true, cell=(3, 3), part=scrap_pile)
inject: spawned scrap_pile at (3, 3) (cover)
command_outcome: accepted: spawn_object
build_step: build 1: tiles — 0 walkable parts
build_step: build 2: grid_lines — 60 cell borders
build_step: build 3: empty_cells — 60 unfloored cells
build_step: build 4: extraction_cells — 0 cells
build_step: build 5: walls — 0 wall blockers
build_step: build 6: cover — 1 cover objects
build_step: build 7: field_items — 0 loose items
bout_start: seed=2
build_step: build 1: tiles — 903 walkable parts
build_step: build 2: grid_lines — 1200 cell borders
build_step: build 3: empty_cells — 300 unfloored cells
build_step: build 4: extraction_cells — 0 cells
build_step: build 5: walls — 236 wall blockers
build_step: build 6: cover — 118 cover objects
build_step: build 7: field_items — 0 loose items
overlay_deactivated: overlay Player torn down
overlay_activated: overlay Empty active (was Player)
bout_start: seed=0
build_step: build 1: tiles — 0 walkable parts
build_step: build 2: grid_lines — 60 cell borders
build_step: build 3: empty_cells — 60 unfloored cells
build_step: build 4: extraction_cells — 0 cells
build_step: build 5: walls — 0 wall blockers
build_step: build 6: cover — 0 cover objects
build_step: build 7: field_items — 0 loose items
overlay_deactivated: overlay Empty torn down
overlay_activated: overlay Spectator active (was Empty)
command: queued: remove_object
turn_start: Turn 0 — unit 1
fps_dump: Turn FPS (at turn start): 1.0
inject: unit 0 removed
command_outcome: accepted: remove_object
build_step: build 1: tiles — 0 walkable parts
build_step: build 2: grid_lines — 60 cell borders
build_step: build 3: empty_cells — 60 unfloored cells
build_step: build 4: extraction_cells — 0 cells
build_step: build 5: walls — 0 wall blockers
build_step: build 6: cover — 0 cover objects
build_step: build 7: field_items — 0 loose items
command: queued: force_current_unit(unit=1)
inject: unit 1 forced current
command_outcome: accepted: force_current_unit
bout_start: seed=2
build_step: build 1: tiles — 903 walkable parts
build_step: build 2: grid_lines — 1200 cell borders
build_step: build 3: empty_cells — 300 unfloored cells
build_step: build 4: extraction_cells — 0 cells
build_step: build 5: walls — 236 wall blockers
build_step: build 6: cover — 118 cover objects
build_step: build 7: field_items — 0 loose items
overlay_deactivated: overlay Player torn down
overlay_activated: overlay Empty active (was Player)
bout_start: seed=0
build_step: build 1: tiles — 0 walkable parts
build_step: build 2: grid_lines — 60 cell borders
build_step: build 3: empty_cells — 60 unfloored cells
build_step: build 4: extraction_cells — 0 cells
build_step: build 5: walls — 0 wall blockers
build_step: build 6: cover — 0 cover objects
build_step: build 7: field_items — 0 loose items
overlay_deactivated: overlay Empty torn down
overlay_activated: overlay Spectator active (was Empty)
command: queued: force_current_unit(unit=1)
inject: unit 1 forced current
command_outcome: accepted: force_current_unit
ai_utility_decision: AI unit 1 [TRAINED/aggressive]: shoot@(8,0) over 14 candidates (margin 0.540)
ai_utility_decision: AI unit 1 [TRAINED/aggressive]: suppress@(8,0) over 13 candidates (margin 1.540)
ai_utility_decision: AI unit 1 [TRAINED/aggressive]: overwatch@(8,0) over 12 candidates (margin 0.020)
ai_utility_decision: AI unit 1 [TRAINED/aggressive]: nothing over 11 candidates (margin 0.000)
turn_end: ended turn
turn_start: Turn 0 — unit 1
fps_dump: Turn FPS (at turn start): 1.0
fps_dump: Turn FPS (2000ms after turn start): 120.0
bout_start: seed=2
build_step: build 1: tiles — 903 walkable parts
build_step: build 2: grid_lines — 1200 cell borders
build_step: build 3: empty_cells — 300 unfloored cells
build_step: build 4: extraction_cells — 0 cells
build_step: build 5: walls — 236 wall blockers
build_step: build 6: cover — 118 cover objects
build_step: build 7: field_items — 0 loose items
overlay_deactivated: overlay Player torn down
overlay_activated: overlay Empty active (was Player)
bout_start: seed=0
build_step: build 1: tiles — 0 walkable parts
build_step: build 2: grid_lines — 60 cell borders
build_step: build 3: empty_cells — 60 unfloored cells
build_step: build 4: extraction_cells — 0 cells
build_step: build 5: walls — 0 wall blockers
build_step: build 6: cover — 0 cover objects
build_step: build 7: field_items — 0 loose items
overlay_deactivated: overlay Empty torn down
overlay_activated: overlay Spectator active (was Empty)
command: queued: set_ap(ap=0, unit=0)
inject: unit 0 ap -> 0
command_outcome: accepted: set_ap
ai_utility_decision: AI unit 0 [TRAINED/aggressive]: shoot@(0,0) over 14 candidates (margin 0.540)
ai_utility_decision: AI unit 0 [TRAINED/aggressive]: suppress@(0,0) over 13 candidates (margin 1.540)
ai_utility_decision: AI unit 0 [TRAINED/aggressive]: overwatch@(0,0) over 12 candidates (margin 0.020)
ai_utility_decision: AI unit 0 [TRAINED/aggressive]: nothing over 11 candidates (margin 0.000)
turn_end: ended turn
turn_start: Turn 0 — unit 1
fps_dump: Turn FPS (at turn start): 120.0
fps_dump: Turn FPS (2000ms after turn start): 145.0
ai_utility_decision: AI unit 1 [TRAINED/aggressive]: shoot@(8,0) over 14 candidates (margin 0.540)
ai_utility_decision: AI unit 1 [TRAINED/aggressive]: shoot@(8,0) over 13 candidates (margin 0.540)
ai_utility_decision: AI unit 1 [TRAINED/aggressive]: shoot@(8,0) over 13 candidates (margin 0.540)
ai_utility_decision: AI unit 1 [TRAINED/aggressive]: shoot@(8,0) over 13 candidates (margin 0.540)
ai_utility_decision: AI unit 1 [TRAINED/aggressive]: shoot@(8,0) over 13 candidates (margin 0.540)
ai_utility_decision: AI unit 1 [TRAINED/aggressive]: shoot@(8,0) over 13 candidates (margin 0.540)
ai_utility_decision: AI unit 1 [TRAINED/aggressive]: shoot@(8,0) over 13 candidates (margin 0.540)
ai_utility_decision: AI unit 1 [TRAINED/aggressive]: suppress@(8,0) over 12 candidates (margin 1.540)
ai_utility_decision: AI unit 1 [TRAINED/aggressive]: overwatch@(8,0) over 11 candidates (margin 0.020)
ai_utility_decision: AI unit 1 [TRAINED/aggressive]: nothing over 10 candidates (margin 0.000)
faced: faced -1.57 rad (free_with_action)
weapon_used: unit 1 fires pistol toward -90.0 deg (facing -90.0, 0.0 off) aim +0.00,+0.50 offset +0.00,+0.00
impact: PENETRATE on jerry_torso [origin (8.00, 0.00)@1.25 -> hit (1.00, 0.02)@0.56]
weapon_used: unit 1 fires pistol toward -90.0 deg (facing -90.0, 0.0 off) aim +0.00,+0.50 offset +0.00,+0.00
impact: PENETRATE on jerry_torso [origin (8.00, 0.00)@1.25 -> hit (1.00, -0.03)@0.44]
weapon_used: unit 1 fires pistol toward -90.0 deg (facing -90.0, 0.0 off) aim +0.00,+0.50 offset +0.00,+0.00
impact: PENETRATE on jerry_torso [origin (8.00, 0.00)@1.25 -> hit (1.00, 0.03)@0.57]
weapon_used: unit 1 fires pistol toward -90.0 deg (facing -90.0, 0.0 off) aim +0.00,+0.50 offset +0.00,+0.00
impact: PENETRATE on jerry_torso [origin (8.00, 0.00)@1.25 -> hit (1.00, -0.01)@0.41]
weapon_used: unit 1 fires pistol toward -90.0 deg (facing -90.0, 0.0 off) aim +0.00,+0.50 offset +0.00,+0.00
diagnostic: [warning] SurrogateLadder.demote: ambiguous demotion from FULL (2 branches lead here) — picking the first in ladder order as an unresolved, flagged placeholder (taskblock03 Pass A2, not a design decision) (variant_utility.cpp:1033 in push_warning)
impact: PENETRATE on jerry_torso [origin (8.00, 0.00)@1.25 -> hit (1.00, -0.03)@0.53]
part_destroyed: jerry_torso
part_mangled: jerry_torso
matrix_ejected: jerry_link from jerry_torso
surrogate_demoted: unit 0 FULL -> PERIPHERAL (matrix_ejected)
resolution_stopped: stopped (next_action_illegal) on AttackAction(unit=1, weapon=pistol, target=(0, 0))
bout_start: seed=2
build_step: build 1: tiles — 903 walkable parts
build_step: build 2: grid_lines — 1200 cell borders
build_step: build 3: empty_cells — 300 unfloored cells
build_step: build 4: extraction_cells — 0 cells
build_step: build 5: walls — 236 wall blockers
build_step: build 6: cover — 118 cover objects
build_step: build 7: field_items — 0 loose items
overlay_deactivated: overlay Player torn down
overlay_activated: overlay Empty active (was Player)
bout_start: seed=0
build_step: build 1: tiles — 0 walkable parts
build_step: build 2: grid_lines — 60 cell borders
build_step: build 3: empty_cells — 60 unfloored cells
build_step: build 4: extraction_cells — 0 cells
build_step: build 5: walls — 0 wall blockers
build_step: build 6: cover — 0 cover objects
build_step: build 7: field_items — 0 loose items
overlay_deactivated: overlay Empty torn down
overlay_activated: overlay Spectator active (was Empty)
bout_start: seed=2
build_step: build 1: tiles — 903 walkable parts
build_step: build 2: grid_lines — 1200 cell borders
build_step: build 3: empty_cells — 300 unfloored cells
build_step: build 4: extraction_cells — 0 cells
build_step: build 5: walls — 236 wall blockers
build_step: build 6: cover — 118 cover objects
build_step: build 7: field_items — 0 loose items
overlay_deactivated: overlay Player torn down
overlay_activated: overlay Empty active (was Player)
bout_start: seed=0
build_step: build 1: tiles — 0 walkable parts
build_step: build 2: grid_lines — 60 cell borders
build_step: build 3: empty_cells — 60 unfloored cells
build_step: build 4: extraction_cells — 0 cells
build_step: build 5: walls — 0 wall blockers
build_step: build 6: cover — 0 cover objects
build_step: build 7: field_items — 0 loose items
overlay_deactivated: overlay Empty torn down
overlay_activated: overlay Spectator active (was Empty)
bout_start: seed=2
build_step: build 1: tiles — 903 walkable parts
build_step: build 2: grid_lines — 1200 cell borders
build_step: build 3: empty_cells — 300 unfloored cells
build_step: build 4: extraction_cells — 0 cells
build_step: build 5: walls — 236 wall blockers
build_step: build 6: cover — 118 cover objects
build_step: build 7: field_items — 0 loose items
overlay_deactivated: overlay Player torn down
overlay_activated: overlay Empty active (was Player)
bout_start: seed=0
build_step: build 1: tiles — 0 walkable parts
build_step: build 2: grid_lines — 60 cell borders
build_step: build 3: empty_cells — 60 unfloored cells
build_step: build 4: extraction_cells — 0 cells
build_step: build 5: walls — 0 wall blockers
build_step: build 6: cover — 0 cover objects
build_step: build 7: field_items — 0 loose items
overlay_deactivated: overlay Empty torn down
overlay_activated: overlay Spectator active (was Empty)
bout_start: seed=2
build_step: build 1: tiles — 903 walkable parts
build_step: build 2: grid_lines — 1200 cell borders
build_step: build 3: empty_cells — 300 unfloored cells
build_step: build 4: extraction_cells — 0 cells
build_step: build 5: walls — 236 wall blockers
build_step: build 6: cover — 118 cover objects
build_step: build 7: field_items — 0 loose items
overlay_deactivated: overlay Player torn down
overlay_activated: overlay Empty active (was Player)
bout_start: seed=0
build_step: build 1: tiles — 0 walkable parts
build_step: build 2: grid_lines — 60 cell borders
build_step: build 3: empty_cells — 60 unfloored cells
build_step: build 4: extraction_cells — 0 cells
build_step: build 5: walls — 0 wall blockers
build_step: build 6: cover — 0 cover objects
build_step: build 7: field_items — 0 loose items
overlay_deactivated: overlay Empty torn down
overlay_activated: overlay Spectator active (was Empty)
bout_start: seed=2
build_step: build 1: tiles — 903 walkable parts
build_step: build 2: grid_lines — 1200 cell borders
build_step: build 3: empty_cells — 300 unfloored cells
build_step: build 4: extraction_cells — 0 cells
build_step: build 5: walls — 236 wall blockers
build_step: build 6: cover — 118 cover objects
build_step: build 7: field_items — 0 loose items
overlay_deactivated: overlay Player torn down
overlay_activated: overlay Empty active (was Player)
bout_start: seed=0
build_step: build 1: tiles — 0 walkable parts
build_step: build 2: grid_lines — 60 cell borders
build_step: build 3: empty_cells — 60 unfloored cells
build_step: build 4: extraction_cells — 0 cells
build_step: build 5: walls — 0 wall blockers
build_step: build 6: cover — 0 cover objects
build_step: build 7: field_items — 0 loose items
overlay_deactivated: overlay Empty torn down
overlay_activated: overlay Spectator active (was Empty)
bout_start: seed=2
build_step: build 1: tiles — 903 walkable parts
build_step: build 2: grid_lines — 1200 cell borders
build_step: build 3: empty_cells — 300 unfloored cells
build_step: build 4: extraction_cells — 0 cells
build_step: build 5: walls — 236 wall blockers
build_step: build 6: cover — 118 cover objects
build_step: build 7: field_items — 0 loose items
overlay_deactivated: overlay Player torn down
overlay_activated: overlay Empty active (was Player)
bout_start: seed=0
build_step: build 1: tiles — 0 walkable parts
build_step: build 2: grid_lines — 60 cell borders
build_step: build 3: empty_cells — 60 unfloored cells
build_step: build 4: extraction_cells — 0 cells
build_step: build 5: walls — 0 wall blockers
build_step: build 6: cover — 0 cover objects
build_step: build 7: field_items — 0 loose items
overlay_deactivated: overlay Empty torn down
overlay_activated: overlay Spectator active (was Empty)
bout_start: seed=2
build_step: build 1: tiles — 903 walkable parts
build_step: build 2: grid_lines — 1200 cell borders
build_step: build 3: empty_cells — 300 unfloored cells
build_step: build 4: extraction_cells — 0 cells
build_step: build 5: walls — 236 wall blockers
build_step: build 6: cover — 118 cover objects
build_step: build 7: field_items — 0 loose items
overlay_deactivated: overlay Player torn down
overlay_activated: overlay Empty active (was Player)
bout_start: seed=4242
build_step: build 1: tiles — 589 walkable parts
build_step: build 2: grid_lines — 768 cell borders
build_step: build 3: empty_cells — 181 unfloored cells
build_step: build 4: extraction_cells — 8 cells
build_step: build 5: walls — 160 wall blockers
build_step: build 6: cover — 85 cover objects
build_step: build 7: field_items — 0 loose items
wall_cutout: wall cutout: 4 unit(s) at screen blocks [6,5|7,5|15,4|15,4]
ai_utility_decision: AI unit 0 [TRAINED/aggressive]: seek_extraction@(14,4) over 1484 candidates (margin 0.000)
ai_utility_decision: AI unit 0 [TRAINED/aggressive]: nothing over 12 candidates (margin 0.000)
faced: faced 0.79 rad (free_with_move)
move: moved to (4, 6)
faced: faced 1.57 rad (free_with_move)
move: moved to (5, 6)
faced: faced 0.79 rad (free_with_move)
move: moved to (6, 7)
faced: faced 1.57 rad (free_with_move)
move: moved to (11, 7)
faced: faced 2.36 rad (free_with_move)
move: moved to (14, 4)
turn_end: ended turn
turn_start: Turn 0 — unit 1
fps_dump: Turn FPS (at turn start): 8.0
wall_cutout: wall cutout: 4 unit(s) at screen blocks [14,5|7,5|15,4|15,4]
ai_utility_decision: AI unit 1 [TRAINED/aggressive]: seek_extraction@(13,5) over 1470 candidates (margin 0.000)
ai_utility_decision: AI unit 1 [TRAINED/aggressive]: nothing over 12 candidates (margin 0.000)
faced: faced 1.57 rad (free_with_move)
move: moved to (6, 5)
faced: faced 0.79 rad (free_with_move)
move: moved to (7, 6)
faced: faced 1.57 rad (free_with_move)
move: moved to (12, 6)
faced: faced 2.36 rad (free_with_move)
move: moved to (13, 5)
turn_end: ended turn
turn_start: Turn 0 — unit 2
fps_dump: Turn FPS (at turn start): 8.0
wall_cutout: wall cutout: 4 unit(s) at screen blocks [14,5|13,5|15,4|15,4]
ai_utility_decision: AI unit 2 [TRAINED/aggressive]: roam@(24,14) over 2478 candidates (margin 0.000)
ai_utility_decision: AI unit 2 [TRAINED/aggressive]: nothing over 12 candidates (margin 0.000)
faced: faced 0.79 rad (free_with_move)
move: moved to (18, 4)
faced: faced 0.00 rad (free_with_move)
move: moved to (18, 7)
faced: faced 0.79 rad (free_with_move)
move: moved to (24, 13)
faced: faced 0.00 rad (free_with_move)
move: moved to (24, 14)
turn_end: ended turn
turn_start: Turn 0 — unit 3
fps_dump: Turn FPS (at turn start): 13.0
wall_cutout: wall cutout: 4 unit(s) at screen blocks [14,5|13,5|25,9|15,4]
ai_utility_decision: AI unit 3 [TRAINED/aggressive]: roam@(29,6) over 2604 candidates (margin 0.000)
ai_utility_decision: AI unit 3 [TRAINED/aggressive]: nothing over 12 candidates (margin 0.000)
faced: faced 1.57 rad (free_with_move)
move: moved to (18, 2)
faced: faced 0.79 rad (free_with_move)
move: moved to (23, 7)
faced: faced 1.57 rad (free_with_move)
move: moved to (25, 7)
faced: faced 2.36 rad (free_with_move)
move: moved to (26, 6)
faced: faced 1.57 rad (free_with_move)
move: moved to (29, 6)
turn_end: ended turn
turn_start: Turn 1 — unit 0
fps_dump: Turn FPS (at turn start): 13.0
wall_cutout: wall cutout: 4 unit(s) at screen blocks [14,5|13,5|25,9|24,5]
ai_utility_decision: AI unit 0 [TRAINED/aggressive]: seek_extraction@(16,2) over 2674 candidates (margin 0.400)
ai_utility_decision: AI unit 0 [TRAINED/aggressive]: nothing over 12 candidates (margin 0.000)
faced: faced 1.57 rad (free_with_move)
move: moved to (15, 4)
faced: faced 2.36 rad (free_with_move)
move: moved to (16, 3)
faced: faced 3.14 rad (free_with_move)
move: moved to (16, 2)
turn_end: ended turn
turn_start: Turn 1 — unit 1
fps_dump: Turn FPS (at turn start): 13.0
wall_cutout: wall cutout: 4 unit(s) at screen blocks [15,4|13,5|25,9|24,5]
ai_utility_decision: AI unit 1 [TRAINED/aggressive]: shoot@(13,5) over 1330 candidates (margin 0.042)
ai_utility_decision: AI unit 1 [TRAINED/aggressive]: shoot@(13,5) over 13 candidates (margin 0.540)
ai_utility_decision: AI unit 1 [TRAINED/aggressive]: shoot@(13,5) over 13 candidates (margin 0.540)
ai_utility_decision: AI unit 1 [TRAINED/aggressive]: shoot@(13,5) over 13 candidates (margin 0.540)
ai_utility_decision: AI unit 1 [TRAINED/aggressive]: shoot@(13,5) over 13 candidates (margin 0.540)
ai_utility_decision: AI unit 1 [TRAINED/aggressive]: shoot@(13,5) over 13 candidates (margin 0.540)
ai_utility_decision: AI unit 1 [TRAINED/aggressive]: shoot@(13,5) over 13 candidates (margin 0.540)
ai_utility_decision: AI unit 1 [TRAINED/aggressive]: suppress@(13,5) over 12 candidates (margin 1.540)
ai_utility_decision: AI unit 1 [TRAINED/aggressive]: overwatch@(13,5) over 11 candidates (margin 0.020)
ai_utility_decision: AI unit 1 [TRAINED/aggressive]: nothing over 10 candidates (margin 0.000)
faced: faced 1.51 rad (free_with_action)
weapon_used: unit 1 fires pistol toward 87.6 deg (facing 86.4, 1.1 off) aim +0.00,+2.25 offset +0.00,+0.00
detonation: ammo_rack detonated at (29.00, 1.00, 6.00), radius 2.0, 1 caught
detonation: goo_barrel detonated at (28.00, 1.00, 5.00), radius 2.0, 1 caught
impact: PENETRATE on ammo_rack [origin (13.46, 5.34)@1.53 -> hit (28.78, 5.92)@2.26]
part_destroyed: ammo_rack
detonate: ammo_rack hit unit 3
impact: STOP_DEAD on torso_cladding [origin (28.88, 5.93)@2.26 -> hit (28.88, 5.93)@2.26]
weapon_used: unit 1 fires pistol toward 87.6 deg (facing 86.4, 1.1 off) aim +0.01,+2.25 offset +0.00,+0.00
impact: PENETRATE on plate_large_sheet_steel [origin (13.46, 5.34)@1.53 -> hit (28.84, 5.76)@2.52]
impact: STOP_DEAD on torso_cladding [origin (28.87, 5.77)@2.53 -> hit (28.87, 5.77)@2.53]
weapon_used: unit 1 fires pistol toward 87.6 deg (facing 86.4, 1.1 off) aim +0.01,+2.25 offset +0.00,+0.00
impact: PENETRATE on plate_large_sheet_steel [origin (13.46, 5.34)@1.53 -> hit (28.83, 5.86)@2.11]
part_destroyed: plate_large_sheet_steel
part_mangled: plate_large_sheet_steel
impact: STOP_DEAD on torso_cladding [origin (28.87, 5.86)@2.11 -> hit (28.87, 5.86)@2.11]
weapon_used: unit 1 fires pistol toward 87.6 deg (facing 86.4, 1.1 off) aim +0.01,+2.25 offset +0.00,+0.00
miss: missed — origin (13.46, 5.34)@1.53 -> ray ends (45.44, 6.42)@2.60
weapon_used: unit 1 fires pistol toward 87.6 deg (facing 86.4, 1.1 off) aim +0.01,+2.25 offset +0.00,+0.00
impact: PENETRATE on torso_cladding [origin (13.46, 5.34)@1.53 -> hit (28.85, 6.24)@2.11]
part_destroyed: torso_cladding
part_mangled: torso_cladding
impact: STOP_DEAD on plate_large_steel [origin (29.16, 6.26)@2.12 -> hit (29.16, 6.26)@2.12]
weapon_used: unit 1 fires pistol toward 87.6 deg (facing 86.4, 1.1 off) aim +0.01,+2.25 offset +0.00,+0.00
impact: STOP_DEAD on wall [origin (13.46, 5.34)@1.53 -> hit (30.50, 6.54)@2.38]
turn_end: ended turn
turn_start: Turn 1 — unit 2
fps_dump: Turn FPS (at turn start): 13.0
ai_utility_decision: AI unit 2 [TRAINED/aggressive]: roam@(24,3) over 2870 candidates (margin 0.000)
ai_utility_decision: AI unit 2 [TRAINED/aggressive]: nothing over 12 candidates (margin 0.000)
faced: faced -2.36 rad (free_with_move)
move: moved to (23, 13)
faced: faced 3.14 rad (free_with_move)
move: moved to (23, 4)
faced: faced 2.36 rad (free_with_move)
move: moved to (24, 3)
turn_end: ended turn
turn_start: Turn 1 — unit 3
fps_dump: Turn FPS (at turn start): 43.0
wall_cutout: wall cutout: 4 unit(s) at screen blocks [15,4|13,5|20,4|24,5]
fps_dump: Turn FPS (2000ms after turn start): 16.0
ai_utility_decision: AI unit 3 [TRAINED/aggressive]: shoot@(29,6) over 1442 candidates (margin 0.042)
ai_utility_decision: AI unit 3 [TRAINED/aggressive]: shoot@(29,6) over 13 candidates (margin 0.540)
ai_utility_decision: AI unit 3 [TRAINED/aggressive]: shoot@(29,6) over 13 candidates (margin 0.540)
ai_utility_decision: AI unit 3 [TRAINED/aggressive]: shoot@(29,6) over 13 candidates (margin 0.540)
ai_utility_decision: AI unit 3 [TRAINED/aggressive]: shoot@(29,6) over 13 candidates (margin 0.540)
ai_utility_decision: AI unit 3 [TRAINED/aggressive]: shoot@(29,6) over 13 candidates (margin 0.540)
ai_utility_decision: AI unit 3 [TRAINED/aggressive]: shoot@(29,6) over 13 candidates (margin 0.540)
ai_utility_decision: AI unit 3 [TRAINED/aggressive]: suppress@(29,6) over 12 candidates (margin 1.540)
ai_utility_decision: AI unit 3 [TRAINED/aggressive]: overwatch@(29,6) over 11 candidates (margin 0.020)
fps_dump: Turn FPS (2000ms after turn start): 16.0
ai_utility_decision: AI unit 3 [TRAINED/aggressive]: nothing over 10 candidates (margin 0.000)
faced: faced -1.63 rad (free_with_action)
weapon_used: unit 3 fires pistol toward -92.4 deg (facing -93.6, 1.1 off) aim -0.00,+1.25 offset +0.00,+0.00
impact: STOP_DEAD on pillar [origin (28.54, 5.66)@1.80 -> hit (19.30, 5.22)@1.51]
weapon_used: unit 3 fires pistol toward -92.4 deg (facing -93.6, 1.1 off) aim -0.00,+1.25 offset +0.00,+0.00
detonation: goo_barrel detonated at (6.00, 0.00, 6.00), radius 2.0, 0 caught
detonation: goo_barrel detonated at (8.00, 0.00, 4.00), radius 2.0, 0 caught
detonation: goo_barrel detonated at (7.00, 0.00, 5.00), radius 2.0, 0 caught
detonation: goo_barrel detonated at (7.00, 0.00, 8.00), radius 2.0, 0 caught
detonation: goo_barrel detonated at (8.00, 0.00, 10.00), radius 2.0, 0 caught
impact: DEFLECT on pillar [origin (28.54, 5.66)@1.80 -> hit (19.18, 5.30)@1.40]
impact: STOP_DEAD on goo_barrel [origin (19.18, 5.30)@1.40 -> hit (6.25, 5.80)@0.85]
part_destroyed: goo_barrel
weapon_used: unit 3 fires pistol toward -92.4 deg (facing -93.6, 1.1 off) aim -0.00,+1.25 offset +0.00,+0.00
impact: STOP_DEAD on pillar [origin (28.54, 5.66)@1.80 -> hit (19.30, 5.25)@1.50]
weapon_used: unit 3 fires pistol toward -92.4 deg (facing -93.6, 1.1 off) aim -0.00,+1.25 offset +0.00,+0.00
impact: DEFLECT on pillar [origin (28.54, 5.66)@1.80 -> hit (19.02, 5.30)@1.41]
impact: STOP_DEAD on wall [origin (19.02, 5.30)@1.41 -> hit (2.50, 5.93)@0.75]
weapon_used: unit 3 fires pistol toward -92.4 deg (facing -93.6, 1.1 off) aim -0.00,+1.25 offset +0.00,+0.00
impact: STOP_DEAD on pillar [origin (28.54, 5.66)@1.80 -> hit (19.30, 5.20)@1.35]
part_destroyed: pillar
part_mangled: pillar
weapon_used: unit 3 fires pistol toward -92.4 deg (facing -93.6, 1.1 off) aim -0.00,+1.25 offset +0.00,+0.00
impact: STOP_DEAD on plate_large_steel [origin (28.54, 5.66)@1.80 -> hit (13.17, 5.10)@1.20]
turn_end: ended turn
turn_start: Turn 2 — unit 0
fps_dump: Turn FPS (at turn start): 16.0
fps_dump: Turn FPS (2000ms after turn start): 16.0
fps_dump: Turn FPS (2000ms after turn start): 6.0
ai_utility_decision: AI unit 0 [TRAINED/aggressive]: shoot@(16,2) over 644 candidates (margin 0.042)
ai_utility_decision: AI unit 0 [TRAINED/aggressive]: shoot@(16,2) over 13 candidates (margin 0.540)
ai_utility_decision: AI unit 0 [TRAINED/aggressive]: shoot@(16,2) over 13 candidates (margin 0.540)
ai_utility_decision: AI unit 0 [TRAINED/aggressive]: shoot@(16,2) over 13 candidates (margin 0.540)
ai_utility_decision: AI unit 0 [TRAINED/aggressive]: shoot@(16,2) over 13 candidates (margin 0.540)
ai_utility_decision: AI unit 0 [TRAINED/aggressive]: shoot@(16,2) over 13 candidates (margin 0.540)
ai_utility_decision: AI unit 0 [TRAINED/aggressive]: shoot@(16,2) over 13 candidates (margin 0.540)
ai_utility_decision: AI unit 0 [TRAINED/aggressive]: suppress@(16,2) over 12 candidates (margin 1.540)
ai_utility_decision: AI unit 0 [TRAINED/aggressive]: overwatch@(16,2) over 11 candidates (margin 0.020)
ai_utility_decision: AI unit 0 [TRAINED/aggressive]: nothing over 10 candidates (margin 0.000)
faced: faced 1.45 rad (free_with_action)
weapon_used: unit 0 fires pistol toward 85.2 deg (facing 82.9, 2.3 off) aim -0.13,+2.50 offset +0.00,+0.00
detonation: ammo_rack detonated at (24.00, 1.00, 3.00), radius 2.0, 1 caught
detonation: goo_barrel detonated at (24.00, 1.00, 4.00), radius 2.0, 1 caught
detonation: goo_barrel detonated at (25.00, 1.00, 5.00), radius 2.0, 1 caught
impact: PENETRATE on ammo_rack [origin (16.44, 2.37)@2.53 -> hit (23.88, 3.20)@2.36]
part_destroyed: ammo_rack
detonate: ammo_rack hit unit 2
impact: DEFLECT on plate_large_sheet_steel [origin (23.94, 3.20)@2.36 -> hit (23.97, 3.21)@2.36]
weapon_used: unit 0 fires pistol toward 85.2 deg (facing 82.9, 2.3 off) aim -0.06,+2.25 offset +0.00,+0.00
impact: STOP_DEAD on pistol_joint [origin (16.44, 2.37)@2.53 -> hit (23.83, 2.65)@1.85]
subtree_dropped: pistol
weapon_used: unit 0 fires pistol toward 85.2 deg (facing 82.9, 2.3 off) aim -0.06,+2.25 offset +0.00,+0.00
ray_tie: 3 candidates tied at t=6.36953, resolved by stable_order -> goo_barrel ((23, 3):goo_barrel, (23, 3):goo_barrel, (23, 3):goo_barrel)
impact: STOP_DEAD on goo_barrel [origin (16.44, 2.37)@2.53 -> hit (22.75, 2.89)@1.86]
part_destroyed: goo_barrel
weapon_used: unit 0 fires pistol toward 85.2 deg (facing 82.9, 2.3 off) aim -0.06,+2.25 offset +0.00,+0.00
impact: STOP_DEAD on wall [origin (16.44, 2.37)@2.53 -> hit (30.50, 4.10)@1.87]
weapon_used: unit 0 fires pistol toward 85.2 deg (facing 82.9, 2.3 off) aim -0.06,+2.25 offset +0.00,+0.00
impact: STOP_DEAD on wall [origin (16.44, 2.37)@2.53 -> hit (30.50, 4.14)@2.07]
weapon_used: unit 0 fires pistol toward 85.2 deg (facing 82.9, 2.3 off) aim -0.06,+2.25 offset +0.00,+0.00
impact: PENETRATE on head_cladding [origin (16.44, 2.37)@2.53 -> hit (23.87, 2.95)@2.75]
part_destroyed: head_cladding
part_mangled: head_cladding
impact: DEFLECT on plate_small_ceramic [origin (24.15, 2.98)@2.76 -> hit (24.15, 2.98)@2.76]
turn_end: ended turn
extract: unit 0 extracted
turn_start: Turn 2 — unit 1
fps_dump: Turn FPS (at turn start): 6.0
wall_cutout: wall cutout: 3 unit(s) at screen blocks [13,5|20,4|24,5]
fps_dump: Turn FPS (2000ms after turn start): 6.0
fps_dump: Turn FPS (2000ms after turn start): 5.0
ai_utility_decision: AI unit 1 [TRAINED/aggressive]: shoot@(13,5) over 1484 candidates (margin 0.042)
ai_utility_decision: AI unit 1 [TRAINED/aggressive]: shoot@(13,5) over 13 candidates (margin 0.540)
ai_utility_decision: AI unit 1 [TRAINED/aggressive]: shoot@(13,5) over 13 candidates (margin 0.540)
ai_utility_decision: AI unit 1 [TRAINED/aggressive]: shoot@(13,5) over 13 candidates (margin 0.540)
ai_utility_decision: AI unit 1 [TRAINED/aggressive]: shoot@(13,5) over 13 candidates (margin 0.540)
ai_utility_decision: AI unit 1 [TRAINED/aggressive]: shoot@(13,5) over 13 candidates (margin 0.540)
ai_utility_decision: AI unit 1 [TRAINED/aggressive]: shoot@(13,5) over 13 candidates (margin 0.540)
ai_utility_decision: AI unit 1 [TRAINED/aggressive]: suppress@(13,5) over 12 candidates (margin 1.540)
ai_utility_decision: AI unit 1 [TRAINED/aggressive]: overwatch@(13,5) over 11 candidates (margin 0.020)
ai_utility_decision: AI unit 1 [TRAINED/aggressive]: nothing over 10 candidates (margin 0.000)
weapon_used: unit 1 fires pistol toward 87.6 deg (facing 86.4, 1.1 off) aim +0.30,+1.80 offset +0.00,+0.00
impact: STOP_DEAD on pistol_joint [origin (13.46, 5.34)@1.53 -> hit (28.84, 6.25)@1.84]
subtree_dropped: pistol
weapon_used: unit 1 fires pistol toward 87.6 deg (facing 86.4, 1.1 off) aim -0.32,+1.80 offset +0.00,+0.00
impact: STOP_DEAD on wall [origin (13.46, 5.34)@1.53 -> hit (30.50, 5.19)@2.06]
weapon_used: unit 1 fires pistol toward 87.6 deg (facing 86.4, 1.1 off) aim -0.32,+1.80 offset +0.00,+0.00
impact: STOP_DEAD on wall [origin (13.46, 5.34)@1.53 -> hit (30.50, 5.37)@1.69]
weapon_used: unit 1 fires pistol toward 87.6 deg (facing 86.4, 1.1 off) aim -0.32,+1.80 offset +0.00,+0.00
impact: STOP_DEAD on wall [origin (13.46, 5.34)@1.53 -> hit (30.50, 5.35)@2.13]
weapon_used: unit 1 fires pistol toward 87.6 deg (facing 86.4, 1.1 off) aim -0.32,+1.80 offset +0.00,+0.00
impact: STOP_DEAD on wall [origin (13.46, 5.34)@1.53 -> hit (30.50, 5.50)@1.68]
weapon_used: unit 1 fires pistol toward 87.6 deg (facing 86.4, 1.1 off) aim -0.32,+1.80 offset +0.00,+0.00
impact: STOP_DEAD on wall [origin (13.46, 5.34)@1.53 -> hit (30.50, 5.26)@1.64]
turn_end: ended turn
turn_start: Turn 2 — unit 2
fps_dump: Turn FPS (at turn start): 5.0
fps_dump: Turn FPS (2000ms after turn start): 5.0
ai_utility_decision: AI unit 2 [TRAINED/aggressive]: roam@(12,9) over 2128 candidates (margin 0.019)
ai_utility_decision: AI unit 2 [TRAINED/aggressive]: nothing over 12 candidates (margin 0.000)
faced: faced -0.79 rad (free_with_move)
move: moved to (19, 8)
faced: faced -1.57 rad (free_with_move)
move: moved to (16, 8)
faced: faced -2.36 rad (free_with_move)
move: moved to (15, 7)
faced: faced -1.57 rad (free_with_move)
move: moved to (14, 7)
faced: faced -0.79 rad (free_with_move)
move: moved to (12, 9)
turn_end: ended turn
turn_start: Turn 2 — unit 3
fps_dump: Turn FPS (at turn start): 7.0
wall_cutout: wall cutout: 3 unit(s) at screen blocks [13,5|12,6|24,5]
fps_dump: Turn FPS (2000ms after turn start): 7.0
ai_utility_decision: AI unit 3 [TRAINED/aggressive]: shoot@(29,6) over 1526 candidates (margin 0.042)
ai_utility_decision: AI unit 3 [TRAINED/aggressive]: shoot@(29,6) over 13 candidates (margin 0.540)
ai_utility_decision: AI unit 3 [TRAINED/aggressive]: shoot@(29,6) over 13 candidates (margin 0.540)
ai_utility_decision: AI unit 3 [TRAINED/aggressive]: shoot@(29,6) over 13 candidates (margin 0.540)
ai_utility_decision: AI unit 3 [TRAINED/aggressive]: shoot@(29,6) over 13 candidates (margin 0.540)
ai_utility_decision: AI unit 3 [TRAINED/aggressive]: shoot@(29,6) over 13 candidates (margin 0.540)
ai_utility_decision: AI unit 3 [TRAINED/aggressive]: shoot@(29,6) over 13 candidates (margin 0.540)
ai_utility_decision: AI unit 3 [TRAINED/aggressive]: suppress@(29,6) over 12 candidates (margin 1.540)
ai_utility_decision: AI unit 3 [TRAINED/aggressive]: overwatch@(29,6) over 11 candidates (margin 0.020)
ai_utility_decision: AI unit 3 [TRAINED/aggressive]: nothing over 10 candidates (margin 0.000)
weapon_used: unit 3 fires pistol toward -92.4 deg (facing -93.6, 1.1 off) aim -0.00,+1.25 offset +0.00,+0.00
impact: PENETRATE on head_cladding [origin (28.54, 5.66)@1.80 -> hit (13.12, 5.05)@1.66]
part_destroyed: head_cladding
part_mangled: head_cladding
impact: STOP_DEAD on wall [origin (12.87, 5.04)@1.66 -> hit (2.50, 4.62)@1.57]
weapon_used: unit 3 fires pistol toward -92.4 deg (facing -93.6, 1.1 off) aim -0.00,+1.25 offset +0.00,+0.00
impact: STOP_DEAD on wall [origin (28.54, 5.66)@1.80 -> hit (7.50, 4.15)@0.96]
weapon_used: unit 3 fires pistol toward -92.4 deg (facing -93.6, 1.1 off) aim -0.00,+1.25 offset +0.00,+0.00
impact: STOP_DEAD on plate_large_steel [origin (28.54, 5.66)@1.80 -> hit (13.17, 5.10)@1.24]
part_destroyed: plate_large_steel
part_mangled: plate_large_steel
weapon_used: unit 3 fires pistol toward -92.4 deg (facing -93.6, 1.1 off) aim -0.00,+1.25 offset +0.00,+0.00
impact: STOP_DEAD on plate_large_steel_joint [origin (28.54, 5.66)@1.80 -> hit (13.21, 5.00)@1.25]
subtree_dropped: plate_large_steel
weapon_used: unit 3 fires pistol toward -92.4 deg (facing -93.6, 1.1 off) aim -0.00,+1.25 offset +0.00,+0.00
impact: PENETRATE on torso_cladding [origin (28.54, 5.66)@1.80 -> hit (13.14, 5.25)@1.08]
impact: STOP_DEAD on plate_large_sheet_steel [origin (12.83, 5.24)@1.06 -> hit (12.83, 5.24)@1.06]
weapon_used: unit 3 fires pistol toward -92.4 deg (facing -93.6, 1.1 off) aim -0.00,+1.25 offset +0.00,+0.00
ray_tie: 2 candidates tied at t=0.00000, resolved by stable_order -> ammo_rack ((13, 5):plate_large_sheet_steel, (13, 5):ammo_rack)
impact: PENETRATE on torso_cladding [origin (28.54, 5.66)@1.80 -> hit (13.15, 5.06)@1.43]
part_destroyed: torso_cladding
part_mangled: torso_cladding
impact: STOP_DEAD on ammo_rack [origin (12.84, 5.05)@1.42 -> hit (12.84, 5.05)@1.42]
turn_end: ended turn
turn_start: Turn 3 — unit 1
fps_dump: Turn FPS (at turn start): 7.0
fps_dump: Turn FPS (2000ms after turn start): 18.0
ai_utility_decision: AI unit 1 [TRAINED/aggressive]: shoot@(13,5) over 994 candidates (margin 0.042)
ai_utility_decision: AI unit 1 [TRAINED/aggressive]: shoot@(13,5) over 13 candidates (margin 0.540)
ai_utility_decision: AI unit 1 [TRAINED/aggressive]: shoot@(13,5) over 13 candidates (margin 0.540)
ai_utility_decision: AI unit 1 [TRAINED/aggressive]: shoot@(13,5) over 13 candidates (margin 0.540)
ai_utility_decision: AI unit 1 [TRAINED/aggressive]: shoot@(13,5) over 13 candidates (margin 0.540)
ai_utility_decision: AI unit 1 [TRAINED/aggressive]: shoot@(13,5) over 13 candidates (margin 0.540)
ai_utility_decision: AI unit 1 [TRAINED/aggressive]: shoot@(13,5) over 13 candidates (margin 0.540)
ai_utility_decision: AI unit 1 [TRAINED/aggressive]: suppress@(13,5) over 12 candidates (margin 1.540)
ai_utility_decision: AI unit 1 [TRAINED/aggressive]: overwatch@(13,5) over 11 candidates (margin 0.020)
ai_utility_decision: AI unit 1 [TRAINED/aggressive]: nothing over 10 candidates (margin 0.000)
faced: faced -0.24 rad (free_with_action)
weapon_used: unit 1 fires pistol toward -9.2 deg (facing -14.0, 4.9 off) aim +0.13,+1.25 offset +0.00,+0.00
impact: PENETRATE on arm_cladding [origin (12.58, 5.39)@1.53 -> hit (11.83, 8.71)@1.44]
part_destroyed: arm_cladding
part_mangled: arm_cladding
impact: DEFLECT on torso_cladding [origin (11.78, 8.90)@1.43 -> hit (11.78, 8.90)@1.43]
weapon_used: unit 1 fires pistol toward -9.2 deg (facing -14.0, 4.9 off) aim +0.13,+1.25 offset +0.00,+0.00
impact: STOP_DEAD on wall [origin (12.58, 5.39)@1.53 -> hit (12.12, 13.50)@0.97]
weapon_used: unit 1 fires pistol toward -9.2 deg (facing -14.0, 4.9 off) aim +0.13,+1.25 offset +0.00,+0.00
impact: PENETRATE on plate_large_sheet_steel [origin (12.58, 5.39)@1.53 -> hit (11.93, 8.69)@0.98]
impact: DEFLECT on torso_cladding [origin (11.92, 8.73)@0.98 -> hit (11.92, 8.73)@0.98]
weapon_used: unit 1 fires pistol toward -9.2 deg (facing -14.0, 4.9 off) aim +0.13,+1.25 offset +0.00,+0.00
impact: PENETRATE on plate_large_sheet_steel [origin (12.58, 5.39)@1.53 -> hit (11.94, 8.70)@1.22]
part_destroyed: plate_large_sheet_steel
part_mangled: plate_large_sheet_steel
impact: DEFLECT on torso_cladding [origin (11.93, 8.74)@1.21 -> hit (11.93, 8.74)@1.21]
weapon_used: unit 1 fires pistol toward -9.2 deg (facing -14.0, 4.9 off) aim +0.13,+1.25 offset +0.00,+0.00
ray_tie: 3 candidates tied at t=6.76562, resolved by stable_order -> goo_barrel ((5, 10):goo_barrel, (5, 10):goo_barrel, (5, 10):goo_barrel)
impact: PENETRATE on arm [origin (12.58, 5.39)@1.53 -> hit (11.85, 8.75)@1.24]
impact: DEFLECT on torso_cladding [origin (11.84, 8.82)@1.24 -> hit (11.84, 8.82)@1.24]
impact: STOP_DEAD on goo_barrel [origin (11.84, 8.82)@1.24 -> hit (5.25, 10.25)@0.68]
weapon_used: unit 1 fires pistol toward -9.2 deg (facing -14.0, 4.9 off) aim +0.13,+1.25 offset +0.00,+0.00
impact: PENETRATE on torso_cladding [origin (12.58, 5.39)@1.53 -> hit (12.12, 8.90)@1.04]
impact: DEFLECT on plate_large_steel [origin (12.06, 9.28)@0.99 -> hit (12.06, 9.28)@0.99]
turn_end: ended turn
turn_start: Turn 3 — unit 2
fps_dump: Turn FPS (at turn start): 4.0
fps_dump: Turn FPS (2000ms after turn start): 4.0
fps_dump: Turn FPS (2000ms after turn start): 4.0
ai_utility_decision: AI unit 2 [TRAINED/aggressive]: shoot@(12,9) over 1414 candidates (margin 0.042)
ai_utility_decision: AI unit 2 [TRAINED/aggressive]: shoot@(12,9) over 13 candidates (margin 0.540)
ai_utility_decision: AI unit 2 [TRAINED/aggressive]: shoot@(12,9) over 13 candidates (margin 0.540)
ai_utility_decision: AI unit 2 [TRAINED/aggressive]: shoot@(12,9) over 13 candidates (margin 0.540)
ai_utility_decision: AI unit 2 [TRAINED/aggressive]: shoot@(12,9) over 13 candidates (margin 0.540)
ai_utility_decision: AI unit 2 [TRAINED/aggressive]: shoot@(12,9) over 13 candidates (margin 0.540)
ai_utility_decision: AI unit 2 [TRAINED/aggressive]: shoot@(12,9) over 13 candidates (margin 0.540)
ai_utility_decision: AI unit 2 [TRAINED/aggressive]: suppress@(12,9) over 12 candidates (margin 1.540)
ai_utility_decision: AI unit 2 [TRAINED/aggressive]: overwatch@(12,9) over 11 candidates (margin 0.020)
ai_utility_decision: AI unit 2 [TRAINED/aggressive]: nothing over 10 candidates (margin 0.000)
faced: faced 2.90 rad (free_with_action)
weapon_used: unit 2 fires pistol toward 170.8 deg (facing 166.0, 4.9 off) aim -0.00,+1.25 offset +0.00,+0.00
detonation: ammo_rack detonated at (13.00, 0.00, 5.00), radius 2.0, 1 caught
impact: PENETRATE on ammo_rack [origin (12.42, 8.61)@0.80 -> hit (13.09, 4.90)@1.26]
part_destroyed: ammo_rack
detonate: ammo_rack hit unit 1
impact: STOP_DEAD on ammo_rack_joint [origin (13.11, 4.80)@1.27 -> hit (13.11, 4.80)@1.27]
weapon_used: unit 2 fires pistol toward 170.8 deg (facing 166.0, 4.9 off) aim -0.00,+1.25 offset +0.00,+0.00
ray_tie: 4 candidates tied at t=1.47164, resolved by stable_order -> goo_barrel ((13, 7):goo_barrel, (13, 7):goo_barrel, (13, 7):goo_barrel, (13, 7):goo_barrel)
ray_tie: 4 candidates tied at t=3.00779, resolved by stable_order -> goo_barrel ((12, 4):goo_barrel, (12, 4):goo_barrel, (12, 4):goo_barrel, (12, 4):goo_barrel)
impact: DEFLECT on goo_barrel [origin (12.42, 8.61)@0.80 -> hit (12.75, 7.18)@0.86]
impact: STOP_DEAD on goo_barrel [origin (12.75, 7.18)@0.86 -> hit (12.07, 4.25)@0.99]
part_destroyed: goo_barrel
weapon_used: unit 2 fires pistol toward 170.8 deg (facing 166.0, 4.9 off) aim -0.00,+1.25 offset +0.00,+0.00
impact: PENETRATE on torso [origin (12.42, 8.61)@0.80 -> hit (12.99, 5.05)@0.97]
impact: STOP_DEAD on plate_large_sheet_steel [origin (13.01, 4.95)@0.97 -> hit (13.02, 4.87)@0.97]
weapon_used: unit 2 fires pistol toward 170.8 deg (facing 166.0, 4.9 off) aim -0.00,+1.25 offset +0.00,+0.00
impact: STOP_DEAD on arm_joint [origin (12.42, 8.61)@0.80 -> hit (12.75, 4.96)@1.58]
subtree_dropped: arm
subtree_dropped: plate_small_steel
subtree_dropped: forearm
subtree_dropped: plate_small_steel
subtree_dropped: hand_l
subtree_dropped: pistol
subtree_dropped: forearm_cladding
subtree_dropped: arm_cladding
weapon_used: unit 2 fires pistol toward 170.8 deg (facing 166.0, 4.9 off) aim -0.00,+1.25 offset +0.00,+0.00
diagnostic: [warning] SurrogateLadder.demote: ambiguous demotion from FULL (2 branches lead here) — picking the first in ladder order as an unresolved, flagged placeholder (taskblock03 Pass A2, not a design decision) (variant_utility.cpp:1033 in push_warning)
impact: PENETRATE on torso [origin (12.42, 8.61)@0.80 -> hit (13.03, 5.06)@1.42]
part_destroyed: torso
part_mangled: torso
matrix_ejected: a_brand_laborer_battery_mods_1 from torso
surrogate_demoted: unit 1 FULL -> PERIPHERAL (matrix_ejected)
impact: STOP_DEAD on wall [origin (13.04, 4.96)@1.43 -> hit (13.29, 3.50)@1.69]
weapon_used: unit 2 fires pistol toward 170.8 deg (facing 166.0, 4.9 off) aim -0.27,+0.00 offset +0.00,+0.00
impact: DEFLECT on ship_floor [origin (12.42, 8.61)@0.80 -> hit (12.36, 5.58)@0.00]
impact: STOP_DEAD on wall [origin (12.36, 5.58)@0.00 -> hit (12.33, 3.50)@0.55]
turn_end: ended turn
turn_start: Turn 3 — unit 3
fps_dump: Turn FPS (at turn start): 4.0
bout_start: seed=2
build_step: build 1: tiles — 903 walkable parts
build_step: build 2: grid_lines — 1200 cell borders
build_step: build 3: empty_cells — 300 unfloored cells
build_step: build 4: extraction_cells — 0 cells
build_step: build 5: walls — 236 wall blockers
build_step: build 6: cover — 118 cover objects
build_step: build 7: field_items — 0 loose items
overlay_deactivated: overlay Player torn down
overlay_activated: overlay Empty active (was Player)
bout_start: seed=77
build_step: build 1: tiles — 555 walkable parts
build_step: build 2: grid_lines — 768 cell borders
build_step: build 3: empty_cells — 213 unfloored cells
build_step: build 4: extraction_cells — 8 cells
build_step: build 5: walls — 156 wall blockers
build_step: build 6: cover — 75 cover objects
build_step: build 7: field_items — 0 loose items
wall_cutout: wall cutout: 4 unit(s) at screen blocks [7,5|7,5|14,10|15,10]
ai_utility_decision: AI unit 0 [TRAINED/aggressive]: roam@(15,6) over 1302 candidates (margin 0.000)
ai_utility_decision: AI unit 0 [TRAINED/aggressive]: nothing over 12 candidates (margin 0.000)
faced: faced 0.79 rad (free_with_move)
move: moved to (4, 5)
faced: faced 1.57 rad (free_with_move)
move: moved to (8, 5)
faced: faced 0.79 rad (free_with_move)
move: moved to (9, 6)
faced: faced 1.57 rad (free_with_move)
move: moved to (15, 6)
turn_end: ended turn
turn_start: Turn 0 — unit 1
fps_dump: Turn FPS (at turn start): 6.0
wall_cutout: wall cutout: 4 unit(s) at screen blocks [14,5|7,5|14,10|15,10]
ai_utility_decision: AI unit 1 [TRAINED/aggressive]: roam@(16,7) over 1372 candidates (margin 0.000)
ai_utility_decision: AI unit 1 [TRAINED/aggressive]: nothing over 12 candidates (margin 0.000)
faced: faced 1.57 rad (free_with_move)
move: moved to (9, 4)
faced: faced 0.79 rad (free_with_move)
move: moved to (14, 9)
faced: faced 2.36 rad (free_with_move)
move: moved to (16, 7)
turn_end: ended turn
turn_start: Turn 0 — unit 2
fps_dump: Turn FPS (at turn start): 6.0
wall_cutout: wall cutout: 4 unit(s) at screen blocks [14,5|15,5|14,10|15,10]
ai_utility_decision: AI unit 2 [TRAINED/aggressive]: roam@(27,17) over 1708 candidates (margin 0.000)
ai_utility_decision: AI unit 2 [TRAINED/aggressive]: nothing over 12 candidates (margin 0.000)
faced: faced 0.79 rad (free_with_move)
move: moved to (16, 16)
faced: faced 1.57 rad (free_with_move)
move: moved to (24, 16)
faced: faced 0.79 rad (free_with_move)
move: moved to (25, 17)
faced: faced 1.57 rad (free_with_move)
move: moved to (27, 17)
turn_end: ended turn
turn_start: Turn 0 — unit 3
fps_dump: Turn FPS (at turn start): 13.0
wall_cutout: wall cutout: 4 unit(s) at screen blocks [14,5|15,5|33,12|15,10]
ai_utility_decision: AI unit 3 [TRAINED/aggressive]: roam@(28,18) over 1946 candidates (margin 0.000)
ai_utility_decision: AI unit 3 [TRAINED/aggressive]: nothing over 12 candidates (margin 0.000)
faced: faced 0.79 rad (free_with_move)
move: moved to (20, 19)
faced: faced 2.36 rad (free_with_move)
move: moved to (22, 17)
faced: faced 1.57 rad (free_with_move)
move: moved to (26, 17)
faced: faced 0.79 rad (free_with_move)
move: moved to (27, 18)
faced: faced 1.57 rad (free_with_move)
move: moved to (28, 18)
turn_end: ended turn
turn_start: Turn 1 — unit 0
fps_dump: Turn FPS (at turn start): 13.0
wall_cutout: wall cutout: 4 unit(s) at screen blocks [14,5|15,5|33,12|37,13]
ai_utility_decision: AI unit 0 [TRAINED/aggressive]: seek_extraction@(16,16) over 3248 candidates (margin 0.000)
ai_utility_decision: AI unit 0 [TRAINED/aggressive]: nothing over 12 candidates (margin 0.000)
faced: faced 0.00 rad (free_with_move)
move: moved to (15, 7)
faced: faced 0.79 rad (free_with_move)
move: moved to (21, 13)
faced: faced -0.79 rad (free_with_move)
move: moved to (18, 16)
faced: faced -1.57 rad (free_with_move)
move: moved to (16, 16)
turn_end: ended turn
turn_start: Turn 1 — unit 1
fps_dump: Turn FPS (at turn start): 13.0
wall_cutout: wall cutout: 4 unit(s) at screen blocks [15,10|15,5|33,12|37,13]
ai_utility_decision: AI unit 1 [TRAINED/aggressive]: seek_extraction@(15,15) over 3178 candidates (margin 0.150)
ai_utility_decision: AI unit 1 [TRAINED/aggressive]: nothing over 12 candidates (margin 0.000)
faced: faced 0.79 rad (free_with_move)
move: moved to (18, 9)
faced: faced 0.00 rad (free_with_move)
move: moved to (18, 10)
faced: faced 0.79 rad (free_with_move)
move: moved to (21, 13)
faced: faced -0.79 rad (free_with_move)
move: moved to (18, 16)
faced: faced -1.57 rad (free_with_move)
move: moved to (17, 16)
faced: faced -2.36 rad (free_with_move)
move: moved to (16, 15)
faced: faced -1.57 rad (free_with_move)
move: moved to (15, 15)
turn_end: ended turn
turn_start: Turn 1 — unit 2
fps_dump: Turn FPS (at turn start): 13.0
wall_cutout: wall cutout: 4 unit(s) at screen blocks [15,10|14,9|33,12|37,13]
ai_utility_decision: AI unit 2 [TRAINED/aggressive]: shoot@(27,17) over 504 candidates (margin 0.042)
ai_utility_decision: AI unit 2 [TRAINED/aggressive]: nothing over 0 candidates (margin 0.000)
faced: faced -1.66 rad (free_with_action)
weapon_used: unit 2 fires pistol toward -93.5 deg (facing -95.2, 1.7 off) aim +0.00,+1.25 offset +0.00,+0.00
impact: PENETRATE on arm_cladding [origin (26.55, 16.65)@1.53 -> hit (16.08, 15.63)@1.28]
part_destroyed: arm_cladding
part_mangled: arm_cladding
impact: STOP_DEAD on plate_small_steel [origin (15.91, 15.61)@1.27 -> hit (15.91, 15.61)@1.27]
turn_end: ended turn
turn_start: Turn 1 — unit 3
fps_dump: Turn FPS (at turn start): 13.0
ai_utility_decision: AI unit 3 [TRAINED/aggressive]: shoot@(28,18) over 490 candidates (margin 0.042)
ai_utility_decision: AI unit 3 [TRAINED/aggressive]: nothing over 0 candidates (margin 0.000)
faced: faced -1.74 rad (free_with_action)
weapon_used: unit 3 fires pistol toward -97.9 deg (facing -99.5, 1.5 off) aim +0.01,+1.25 offset +0.00,+0.00
detonation: ammo_rack detonated at (16.00, 0.00, 16.00), radius 2.0, 2 caught
impact: PENETRATE on ammo_rack [origin (27.58, 17.62)@1.53 -> hit (16.22, 16.02)@1.44]
part_destroyed: ammo_rack
detonate: ammo_rack hit unit 0
detonate: ammo_rack hit unit 1
impact: STOP_DEAD on torso_cladding [origin (16.12, 16.01)@1.44 -> hit (16.12, 16.01)@1.44]
turn_end: ended turn
turn_start: Turn 2 — unit 0
fps_dump: Turn FPS (at turn start): 49.0
ai_utility_decision: AI unit 0 [TRAINED/aggressive]: shoot@(16,16) over 658 candidates (margin 0.042)
ai_utility_decision: AI unit 0 [TRAINED/aggressive]: nothing over 0 candidates (margin 0.000)
faced: faced 1.48 rad (free_with_action)
weapon_used: unit 0 fires pistol toward 86.5 deg (facing 84.8, 1.7 off) aim -0.00,+1.25 offset +0.00,+0.00
impact: STOP_DEAD on plate_large_steel_joint [origin (16.45, 16.35)@1.53 -> hit (26.79, 17.01)@1.29]
subtree_dropped: plate_large_steel
turn_end: ended turn
extract: unit 0 extracted
turn_start: Turn 2 — unit 1
fps_dump: Turn FPS (at turn start): 49.0
wall_cutout: wall cutout: 3 unit(s) at screen blocks [14,9|33,12|37,13]
fps_dump: Turn FPS (2000ms after turn start): 6.0
fps_dump: Turn FPS (2000ms after turn start): 6.0
ai_utility_decision: AI unit 1 [TRAINED/aggressive]: shoot@(15,15) over 630 candidates (margin 0.042)
ai_utility_decision: AI unit 1 [TRAINED/aggressive]: nothing over 0 candidates (margin 0.000)
faced: faced 1.41 rad (free_with_action)
weapon_used: unit 1 fires pistol toward 82.1 deg (facing 80.5, 1.5 off) aim +0.00,+1.25 offset +0.00,+0.00
ray_tie: 2 candidates tied at t=0.00000, resolved by stable_order -> ammo_rack ((27, 17):plate_large_sheet_steel, (27, 17):ammo_rack)
impact: PENETRATE on torso_cladding [origin (15.42, 15.38)@1.53 -> hit (26.85, 16.89)@1.26]
impact: STOP_DEAD on ammo_rack [origin (27.16, 16.93)@1.25 -> hit (27.16, 16.93)@1.25]
turn_end: ended turn
extract: unit 1 extracted
turn_start: Turn 2 — unit 2
fps_dump: Turn FPS (at turn start): 6.0
