Godot Engine v4.7.stable.official.5b4e0cb0f - https://godotengine.org
Vulkan 1.4.329 - Forward+ - Using Device #0: NVIDIA - NVIDIA GeForce RTX 3090 Ti

WARNING: Values of the ternary operator are not mutually compatible.
     at: GDScript::reload (res://src/data/socket.gd:73)
WARNING: The local function parameter "preset_name" is shadowing an already-declared variable at line 14 in the current class.
     at: GDScript::reload (res://src/data/bot_preset.gd:58)
WARNING: The local function parameter "preset_name" is shadowing an already-declared variable at line 14 in the current class.
     at: GDScript::reload (res://src/data/bot_preset.gd:68)
WARNING: The local function parameter "preset_name" is shadowing an already-declared variable at line 14 in the current class.
     at: GDScript::reload (res://src/data/bot_preset.gd:75)
WARNING: The local function parameter "direction" is shadowing an already-declared variable at line 26 in the current class.
     at: GDScript::reload (res://src/logic/actions/face_action.gd:75)
WARNING: The local function parameter "free" is shadowing an already-declared variable at line 19 in the current class.
     at: GDScript::reload (res://src/logic/actions/move_action.gd:177)
WARNING: The local variable "position" is shadowing an already-declared property in the base class "Node3D".
     at: GDScript::reload (res://src/view/board_view.gd:584)
     GDScript backtrace (most recent call first):
         [0] _initialize (res://tools/checkpoints/checkpoint_8.gd:38)
WARNING: The local variable "basis" is shadowing an already-declared property in the base class "Node3D".
     at: GDScript::reload (res://src/view/hit_volume_view.gd:520)
     GDScript backtrace (most recent call first):
         [0] _initialize (res://tools/checkpoints/checkpoint_8.gd:38)
WARNING: The local function parameter "unit" is shadowing an already-declared variable at line 12 in the current class.
     at: GDScript::reload (res://src/logic/actions/end_turn_action.gd:76)
     GDScript backtrace (most recent call first):
         [0] _initialize (res://tools/checkpoints/checkpoint_8.gd:38)
WARNING: The local function parameter "mission" is shadowing an already-declared variable at line 13 in the current class.
     at: GDScript::reload (res://src/logic/actions/end_turn_action.gd:76)
     GDScript backtrace (most recent call first):
         [0] _initialize (res://tools/checkpoints/checkpoint_8.gd:38)
WARNING: Values of the ternary operator are not mutually compatible.
     at: GDScript::reload (res://src/logic/part_picker.gd:75)
     GDScript backtrace (most recent call first):
         [0] _initialize (res://tools/checkpoints/checkpoint_8.gd:38)
WARNING: The signal "picker_action_requested" is declared but never explicitly used in the class.
     at: GDScript::reload (res://src/view/tactics_controller.gd:74)
     GDScript backtrace (most recent call first):
         [0] _initialize (res://tools/checkpoints/checkpoint_8.gd:38)
WARNING: Values of the ternary operator are not mutually compatible.
     at: GDScript::reload (res://src/view/aim_view.gd:251)
     GDScript backtrace (most recent call first):
         [0] _initialize (res://tools/checkpoints/checkpoint_8.gd:38)
WARNING: The variable "sign" has the same name as a built-in function.
     at: GDScript::reload (res://src/logic/description_builder.gd:33)
     GDScript backtrace (most recent call first):
         [0] _initialize (res://tools/checkpoints/checkpoint_8.gd:38)
WARNING: The local variable "name" is shadowing an already-declared property in the base class "Node".
     at: GDScript::reload (res://src/view/weapon_panel.gd:47)
     GDScript backtrace (most recent call first):
         [0] _initialize (res://tools/checkpoints/checkpoint_8.gd:38)
WARNING: The local variable "name" is shadowing an already-declared property in the base class "Node".
     at: GDScript::reload (res://src/view/inspect_panel.gd:607)
     GDScript backtrace (most recent call first):
         [0] _initialize (res://tools/checkpoints/checkpoint_8.gd:38)
WARNING: Values of the ternary operator are not mutually compatible.
     at: GDScript::reload (res://src/view/debug_control_panel.gd:415)
     GDScript backtrace (most recent call first):
         [0] _initialize (res://tools/checkpoints/checkpoint_8.gd:38)
WARNING: The variable "cell_a" is declared below in the parent block.
     at: GDScript::reload (res://src/logic/map_gen.gd:496)
     GDScript backtrace (most recent call first):
         [0] _initialize (res://tools/checkpoints/checkpoint_8.gd:38)
WARNING: The variable "cell_b" is declared below in the parent block.
     at: GDScript::reload (res://src/logic/map_gen.gd:497)
     GDScript backtrace (most recent call first):
         [0] _initialize (res://tools/checkpoints/checkpoint_8.gd:38)
WARNING: Values of the ternary operator are not mutually compatible.
     at: GDScript::reload (res://src/view/overlays/generate_bout_overlay.gd:246)
     GDScript backtrace (most recent call first):
         [0] _initialize (res://tools/checkpoints/checkpoint_8.gd:38)
WARNING: The local variable "position" is shadowing an already-declared property in the base class "Node3D".
     at: GDScript::reload (res://src/view/battle_scene.gd:165)
     GDScript backtrace (most recent call first):
         [0] _initialize (res://tools/checkpoints/checkpoint_8.gd:38)
WARNING: The local variable "show" is shadowing an already-declared method in the base class "Node3D".
     at: GDScript::reload (res://src/view/battle_scene.gd:196)
     GDScript backtrace (most recent call first):
         [0] _initialize (res://tools/checkpoints/checkpoint_8.gd:38)
SAVED a_target_above.png
SAVED b_target_below.png
SAVED c_same_level_control.png
CHECKPOINT_8_DONE
WARNING: 393 ObjectDB instances were leaked at exit (run with `--verbose` for details).
   at: cleanup (core/object/object.cpp:2535)
ERROR: 23 resources still in use at exit (run with --verbose for details).
   at: clear (core/io/resource.cpp:822)
ERROR: Pages in use exist at exit in PagedAllocator: N12VariantPools12BucketMediumE
   at: ~PagedAllocator (./core/templates/paged_allocator.h:170)
